******************************************************************************
             TMS320C2000 Linker PC v16.9.1                     
******************************************************************************
>> Linked Wed Jan 04 18:41:31 2017

OUTPUT FILE NAME:   <proj_lab01.out>
ENTRY POINT SYMBOL: "code_start"  address: 003f7ff6


MEMORY CONFIGURATION

         name            origin    length      used     unused   attr    fill
----------------------  --------  ---------  --------  --------  ----  --------
PAGE 0:
  P_RAML0               00008000   00000980  00000054  0000092c  RWIX
  OTP                   003d7800   00000400  00000000  00000400  RWIX
  FLASHB_D              003f0000   00006000  00003894  0000276c  RWIX
  D_FLASHA              003f6000   00001f80  00000086  00001efa  RWIX
  CSM_RSVD              003f7f80   00000076  00000000  00000076  RWIX
  BEGIN                 003f7ff6   00000002  00000002  00000000  RWIX
  CSM_PWL_P0            003f7ff8   00000008  00000000  00000008  RWIX
  IQTABLES              003fe000   00000b50  00000000  00000b50  RWIX
  IQTABLES2             003feb50   0000008c  00000000  0000008c  RWIX
  IQTABLES3             003febdc   000000aa  00000000  000000aa  RWIX
  ROM                   003ff27c   00000d44  00000000  00000d44  RWIX
  RESET                 003fffc0   00000002  00000000  00000002  RWIX
  VECTORS               003fffc2   0000003e  00000000  0000003e  RWIX

PAGE 1:
  RAMM0_M1              00000000   00000600  0000043b  000001c5  RWIX
  D_RAML0               00008980   00000680  00000000  00000680  RWIX


SECTION ALLOCATION MAP

 output                                  attributes/
section   page    origin      length       input sections
--------  ----  ----------  ----------   ----------------
.text      0    003f0000    00003788     
                  003f0000    00000e94     fast_public.lib : ctrl_priv.obj (.text)
                  003f0e94    000008d5     hal.obj (.text)
                  003f1769    0000077b     drv8305.obj (.text)
                  003f1ee4    000006f3     fast_public.lib : ctrl.obj (.text)
                  003f25d7    0000042b     user.obj (.text)
                  003f2a02    000002f6     pwm.obj (.text)
                  003f2cf8    000001f5     adc.obj (.text)
                  003f2eed    00000149     gpio.obj (.text)
                  003f3036    0000012b     clk.obj (.text)
                  003f3161    000000ff     pie.obj (.text)
                  003f3260    000000b2     proj_lab01.obj (.text:retain)
                  003f3312    000000a9     spi.obj (.text)
                  003f33bb    00000074     proj_lab01.obj (.text)
                  003f342f    00000069     rts2800_ml.lib : s_ceilf.obj (.text)
                  003f3498    0000005b     pll.obj (.text)
                  003f34f3    00000054     rts2800_ml.lib : boot28.obj (.text)
                  003f3547    00000046     wdog.obj (.text)
                  003f358d    00000044     pwr.obj (.text)
                  003f35d1    00000032     timer.obj (.text)
                  003f3603    0000002d     osc.obj (.text)
                  003f3630    0000002a     rts2800_ml.lib : l_div28.obj (.text)
                  003f365a    00000029                    : exit.obj (.text)
                  003f3683    00000025     cpu.obj (.text)
                  003f36a8    00000024     rts2800_ml.lib : cpy_tbl.obj (.text)
                  003f36cc    00000021                    : fs_toul28.obj (.text)
                  003f36ed    00000020     flash.obj (.text)
                  003f370d    0000001d     rts2800_ml.lib : fs_tou28.obj (.text)
                  003f372a    0000001d                    : memcpy.obj (.text)
                  003f3747    00000019                    : args_main.obj (.text)
                  003f3760    0000000f     memCopy.obj (.text)
                  003f376f    00000009     rts2800_ml.lib : _lock.obj (.text)
                  003f3778    00000008     CodeStartBranch.obj (.text)
                  003f3780    00000005     pie.obj (.text:retain)
                  003f3785    00000002     rts2800_ml.lib : pre_init.obj (.text)
                  003f3787    00000001                    : startup.obj (.text)

ramfuncs   0    003f3788    00000054     RUN ADDR = 00008000
                  003f3788    00000032     flash.obj (ramfuncs)
                  003f37ba    0000001e     hal.obj (ramfuncs)
                  003f37d8    00000004     usDelay.obj (ramfuncs)

.cinit     0    003f37dc    000000b8     
                  003f37dc    0000009a     proj_lab01.obj (.cinit)
                  003f3876    0000000e     rts2800_ml.lib : exit.obj (.cinit)
                  003f3884    00000005                    : _lock.obj (.cinit:__lock)
                  003f3889    00000005                    : _lock.obj (.cinit:__unlock)
                  003f388e    00000004     drv8305.obj (.cinit)
                  003f3892    00000002     --HOLE-- [fill = 0]

.pinit     0    003f0000    00000000     UNINITIALIZED

.econst    0    003f6000    00000086     
                  003f6000    0000005c     fast_public.lib : ctrl_priv.obj (.econst)
                  003f605c    0000001c                     : ctrl.obj (.econst)
                  003f6078    00000008     user.obj (.econst)
                  003f6080    00000004     hal.obj (.econst)
                  003f6084    00000002     rts2800_ml.lib : s_ceilf.obj (.econst)

codestart 
*          0    003f7ff6    00000002     
                  003f7ff6    00000002     CodeStartBranch.obj (codestart)

.ebss      1    00000000    000001f9     UNINITIALIZED
                  00000000    000001ec     proj_lab01.obj (.ebss)
                  000001ec    00000006     rts2800_ml.lib : exit.obj (.ebss)
                  000001f2    00000002                    : _lock.obj (.ebss:__lock)
                  000001f4    00000002                    : _lock.obj (.ebss:__unlock)
                  000001f6    00000002     drv8305.obj (.ebss)
                  000001f8    00000001     cpu.obj (.ebss)

.stack     1    000001fa    00000180     UNINITIALIZED
                  000001fa    00000180     --HOLE--

rom_accessed_data 
*          1    00000380    000000c2     UNINITIALIZED
                  00000380    000000c2     hal.obj (rom_accessed_data)

.reset     0    003fffc0    00000002     DSECT
                  003fffc0    00000002     rts2800_ml.lib : boot28.obj (.reset)

vectors    0    003fffc2    00000000     DSECT

MODULE SUMMARY

       Module                code    initialized data   uninitialized data
       ------                ----    ----------------   ------------------
    .\
       hal.obj               2321    4                  194               
       drv8305.obj           1915    4                  2                 
       user.obj              1067    8                  0                 
       proj_lab01.obj        294     154                492               
       pwm.obj               758     0                  0                 
       adc.obj               501     0                  0                 
       gpio.obj              329     0                  0                 
       clk.obj               299     0                  0                 
       pie.obj               260     0                  0                 
       spi.obj               169     0                  0                 
       flash.obj             132     0                  0                 
       pll.obj               91      0                  0                 
       wdog.obj              70      0                  0                 
       pwr.obj               68      0                  0                 
       timer.obj             50      0                  0                 
       osc.obj               45      0                  0                 
       cpu.obj               37      0                  1                 
       memCopy.obj           15      0                  0                 
       CodeStartBranch.obj   10      0                  0                 
       usDelay.obj           8       0                  0                 
    +--+---------------------+-------+------------------+--------------------+
       Total:                8439    170                689               
                                                                          
    C:/ti/ccsv7/tools/compiler/ti-cgt-c2000_16.9.1.LTS/lib/rts2800_ml.lib
       s_ceilf.obj           105     2                  0                 
       boot28.obj            84      0                  0                 
       exit.obj              41      14                 6                 
       l_div28.obj           42      0                  0                 
       cpy_tbl.obj           36      0                  0                 
       fs_toul28.obj         33      0                  0                 
       fs_tou28.obj          29      0                  0                 
       memcpy.obj            29      0                  0                 
       args_main.obj         25      0                  0                 
       _lock.obj             9       10                 4                 
       pre_init.obj          2       0                  0                 
       startup.obj           1       0                  0                 
    +--+---------------------+-------+------------------+--------------------+
       Total:                436     26                 10                
                                                                          
    C:/ti/motorware/motorware_1_01_00_17/sw/modules/fast/lib/32b/f28x/f2802x/fast_public.lib
       ctrl_priv.obj         3732    92                 0                 
       ctrl.obj              1779    28                 0                 
    +--+---------------------+-------+------------------+--------------------+
       Total:                5511    120                0                 
                                                                          
       Stack:                0       0                  384               
    +--+---------------------+-------+------------------+--------------------+
       Grand Total:          14386   316                1083              


GLOBAL DATA SYMBOLS: SORTED BY DATA PAGE

address     data page           name
--------    ----------------    ----
00000000       0 (00000000)     _halHandle
00000002       0 (00000000)     _gLEDcnt
00000004       0 (00000000)     _gPwmData
0000000a       0 (00000000)     _gAdcData

00000040       1 (00000040)     _gDrvSpi8305Vars

000000c0       3 (000000c0)     _gMotorVars

00000140       5 (00000140)     _gUserParams

000001ec       7 (000001c0)     ___TI_enable_exit_profile_output
000001ee       7 (000001c0)     ___TI_cleanup_ptr
000001f0       7 (000001c0)     ___TI_dtors_ptr
000001f2       7 (000001c0)     __lock
000001f4       7 (000001c0)     __unlock
000001f8       7 (000001c0)     _cpu
000001fa       7 (000001c0)     __stack

00000380       e (00000380)     _hal


GLOBAL SYMBOLS: SORTED ALPHABETICALLY BY Name 

page  address   name                                             
----  -------   ----                                             
0     003f0000  .text                                            
0     003f365a  C$$EXIT                                          
abs   003fdc5e  FD$$MPY                                          
abs   003fdf7b  FD$$TOL                                          
abs   003fdeb8  FS$$ADD                                          
abs   003fdf2b  FS$$CMP                                          
abs   003fdce1  FS$$DIV                                          
abs   003fdde7  FS$$MPY                                          
abs   003fff4d  FS$$NEG                                          
abs   003fdfb7  FS$$TOFD                                         
abs   003fff0e  FS$$TOI                                          
0     003f370d  FS$$TOU                                          
0     003f36cc  FS$$TOUL                                         
abs   003fff33  I$$TOFS                                          
0     003f3630  L$$DIV                                           
0     003f363f  L$$MOD                                           
abs   003ff8bd  U$$TOFS                                          
0     003f364d  UL$$DIV                                          
0     003f3654  UL$$MOD                                          
abs   003ff8aa  UL$$TOFS                                         
0     003f2ee3  _ADC_disable                                     
0     003f2ed9  _ADC_disableBandGap                              
0     003f2ec2  _ADC_disableInt                                  
0     003f2eb8  _ADC_disableNoOverlapMode                        
0     003f2eae  _ADC_disableRefBuffers                           
0     003f2ea4  _ADC_disableVoltRefLoConv                        
0     003f2e9a  _ADC_enable                                      
0     003f2e90  _ADC_enableBandGap                               
0     003f2e7a  _ADC_enableInt                                   
0     003f2e70  _ADC_enableNoOverlapMode                         
0     003f2e66  _ADC_enableRefBuffers                            
0     003f2e5c  _ADC_enableVoltRefLoConv                         
0     003f2e55  _ADC_getDivideSelect                             
0     003f2e4d  _ADC_init                                        
0     003f2e43  _ADC_powerDown                                   
0     003f2e39  _ADC_powerUp                                     
0     003f2e2f  _ADC_reset                                       
0     003f2e1e  _ADC_setDivideSelect                             
0     003f2dfd  _ADC_setIntMode                                  
0     003f2dec  _ADC_setIntPulseGenMode                          
0     003f2dcb  _ADC_setIntSrc                                   
0     003f2dc1  _ADC_setOffTrim                                  
0     003f2daa  _ADC_setSampleMode                               
0     003f2d97  _ADC_setSampleOverlapMode                        
0     003f2d83  _ADC_setSocChanNumber                            
0     003f2d76  _ADC_setSocFrc                                   
0     003f2d6c  _ADC_setSocFrcWord                               
0     003f2d58  _ADC_setSocSampleDelay                           
0     003f2d44  _ADC_setSocTrigSrc                               
0     003f2d33  _ADC_setTempSensorSrc                            
0     003f2d22  _ADC_setVoltRefSrc                               
0     003f2cf8  _ADC_setupSocTrigSrc                             
0     003f315a  _CLK_disableAdcClock                             
0     003f3154  _CLK_disableClkIn                                
0     003f3150  _CLK_disableCompClock                            
0     003f3149  _CLK_disableCpuTimerClock                        
0     003f3143  _CLK_disableCrystalOsc                           
0     003f313c  _CLK_disableEcap1Clock                           
0     003f3135  _CLK_disableGpioInputClock                       
0     003f312e  _CLK_disableHrPwmClock                           
0     003f3127  _CLK_disableI2cClock                             
0     003f3121  _CLK_disableOsc1                                 
0     003f311b  _CLK_disableOsc1HaltMode                         
0     003f3115  _CLK_disableOsc2                                 
0     003f310f  _CLK_disableOsc2HaltMode                         
0     003f3105  _CLK_disablePwmClock                             
0     003f30fe  _CLK_disableSciaClock                            
0     003f30f7  _CLK_disableSpiaClock                            
0     003f30f0  _CLK_disableTbClockSync                          
0     003f30ea  _CLK_disableWatchDogHaltMode                     
0     003f30e3  _CLK_enableAdcClock                              
0     003f30dd  _CLK_enableClkIn                                 
0     003f30d7  _CLK_enableCompClock                             
0     003f30d1  _CLK_enableCpuTimerClock                         
0     003f30cb  _CLK_enableCrystalOsc                            
0     003f30c4  _CLK_enableEcap1Clock                            
0     003f30bd  _CLK_enableGpioInputClock                        
0     003f30b6  _CLK_enableHrPwmClock                            
0     003f30af  _CLK_enableI2cClock                              
0     003f30a9  _CLK_enableOsc1                                  
0     003f30a3  _CLK_enableOsc1HaltMode                          
0     003f309d  _CLK_enableOsc2                                  
0     003f3097  _CLK_enableOsc2HaltMode                          
0     003f308e  _CLK_enablePwmClock                              
0     003f3087  _CLK_enableSciaClock                             
0     003f3080  _CLK_enableSpiaClock                             
0     003f3079  _CLK_enableTbClockSync                           
0     003f3073  _CLK_enableWatchDogHaltMode                      
0     003f306d  _CLK_init                                        
0     003f3066  _CLK_setClkOutPreScaler                          
0     003f3060  _CLK_setLowSpdPreScaler                          
0     003f3059  _CLK_setOsc2Src                                  
0     003f3052  _CLK_setOscSrc                                   
0     003f304b  _CLK_setTimer2PreScale                           
0     003f3044  _CLK_setTimer2Src                                
0     003f303d  _CLK_setWatchDogSrc                              
0     003f3036  _CLK_setXClkInSrc                                
0     003f36a5  _CPU_clearIntFlags                               
0     003f36a2  _CPU_disableDebugInt                             
0     003f369f  _CPU_disableGlobalInts                           
0     003f369a  _CPU_disableInt                                  
0     003f3697  _CPU_disableInts                                 
0     003f3694  _CPU_disableProtectedRegisterWrite               
0     003f3691  _CPU_enableDebugInt                              
0     003f368e  _CPU_enableGlobalInts                            
0     003f368a  _CPU_enableInt                                   
0     003f3687  _CPU_enableProtectedRegisterWrite                
0     003f3683  _CPU_init                                        
0     003f25a7  _CTRL_getGains                                   
0     003f25a0  _CTRL_getIab_filt_pu                             
0     003f2599  _CTRL_getIab_in_pu                               
0     003f2592  _CTRL_getIdq_in_pu                               
0     003f258b  _CTRL_getIdq_ref_pu                              
0     003f2588  _CTRL_getMagCurrent_pu                           
0     003f2585  _CTRL_getMaximumSpeed_pu                         
0     003f257e  _CTRL_getVab_in_pu                               
0     003f2577  _CTRL_getVab_out_pu                              
0     003f2570  _CTRL_getVdq_out_pu                              
0     003f0e8a  _CTRL_getVersion                                 
0     003f255d  _CTRL_getWaitTimes                               
0     003f226f  _CTRL_run                                        
0     003f0dbe  _CTRL_runTraj                                    
0     003f0658  _CTRL_setEstParams                               
0     003f1ff7  _CTRL_setGains                                   
0     003f226c  _CTRL_setMagCurrent_pu                           
0     003f2269  _CTRL_setMaximumSpeed_pu                         
0     003f201f  _CTRL_setParams                                  
0     003f1fe4  _CTRL_setSpd_ref_krpm                            
0     003f1fe1  _CTRL_setSpd_ref_pu                              
0     003f0525  _CTRL_setUserMotorParams                         
0     003f1fce  _CTRL_setWaitTimes                               
0     003f1fc5  _CTRL_setup                                      
0     003f1faa  _CTRL_setupClarke_I                              
0     003f1f95  _CTRL_setupClarke_V                              
0     003f033d  _CTRL_setupCtrl                                  
0     003f019f  _CTRL_setupEstIdleState                          
0     003f0164  _CTRL_setupEstOnLineState                        
0     003f0000  _CTRL_setupTraj                                  
0     003f1ee4  _CTRL_updateState                                
0     003f1ec1  _DRV8305_enable                                  
0     003f1ebb  _DRV8305_getCSBlank                              
0     003f1eb5  _DRV8305_getCSGain1                              
0     003f1eaf  _DRV8305_getCSGain2                              
0     003f1ea9  _DRV8305_getCSGain3                              
0     003f1ea2  _DRV8305_getCommOption                           
0     003f1e8b  _DRV8305_getDcCalMode                            
0     003f1e85  _DRV8305_getDeadTime                             
0     003f1e7f  _DRV8305_getPeakSinkCurHS                        
0     003f1e79  _DRV8305_getPeakSinkCurLS                        
0     003f1e72  _DRV8305_getPeakSinkTime                         
0     003f1e6c  _DRV8305_getPeakSourCurHS                        
0     003f1e66  _DRV8305_getPeakSourCurLS                        
0     003f1e5f  _DRV8305_getPeakSourTime                         
0     003f1e58  _DRV8305_getPwmMode                              
0     003f1e52  _DRV8305_getSleepDelay                           
0     003f1e4c  _DRV8305_getVDSBlanking                          
0     003f1e46  _DRV8305_getVDSDeglitch                          
0     003f1e40  _DRV8305_getVDSLevel                             
0     003f1e3a  _DRV8305_getVDSMode                              
0     003f1e33  _DRV8305_getVrefScaling                          
0     003f1e2d  _DRV8305_getVregUvLevel                          
0     003f1e27  _DRV8305_getWatchDelay                           
0     003f1e1e  _DRV8305_init                                    
0     003f1e17  _DRV8305_isFault                                 
0     003f1c3c  _DRV8305_readData                                
0     003f1869  _DRV8305_readSpi                                 
0     003f1c2d  _DRV8305_reset                                   
0     003f1c19  _DRV8305_setCSBlank                              
0     003f1c05  _DRV8305_setCSGain1                              
0     003f1bf1  _DRV8305_setCSGain2                              
0     003f1bdd  _DRV8305_setCSGain3                              
0     003f1bc9  _DRV8305_setCommOption                           
0     003f1ba5  _DRV8305_setDcCalMode                            
0     003f1b91  _DRV8305_setDeadTime                             
0     003f1b8f  _DRV8305_setGpioHandle                           
0     003f1b8d  _DRV8305_setGpioNumber                           
0     003f1b79  _DRV8305_setPeakSinkCurHS                        
0     003f1b65  _DRV8305_setPeakSinkCurLS                        
0     003f1b51  _DRV8305_setPeakSinkTime                         
0     003f1b3d  _DRV8305_setPeakSourCurHS                        
0     003f1b29  _DRV8305_setPeakSourTime                         
0     003f1b15  _DRV8305_setPwmMode                              
0     003f1b01  _DRV8305_setSleepDelay                           
0     003f1aff  _DRV8305_setSpiHandle                            
0     003f1aeb  _DRV8305_setVDSBlanking                          
0     003f1ad7  _DRV8305_setVDSDeglitch                          
0     003f1ac3  _DRV8305_setVDSLevel                             
0     003f1aaf  _DRV8305_setVDSMode                              
0     003f1a9b  _DRV8305_setVrefScaling                          
0     003f1a87  _DRV8305_setVregUvLevel                          
0     003f1a73  _DRV8305_setWatchDelay                           
0     003f189b  _DRV8305_setupSpi                                
0     003f1785  _DRV8305_writeData                               
0     003f1769  _DRV8305_writeSpi                                
abs   003fd9e5  _EST_Angle_setParams                             
abs   003fd922  _EST_Dir_setParams                               
abs   003fd1e8  _EST_EPL_setParams                               
abs   003fd9b0  _EST_Flux_ab_setParams                           
abs   003fd514  _EST_Flux_computeOneOverFlux_qFmt                
abs   003fda3b  _EST_Flux_dq_setParams                           
abs   003fd49c  _EST_Flux_getRatedFlux_pu                        
abs   003fd42e  _EST_Flux_setParams                              
abs   003fd41e  _EST_Flux_setWaitTimes                           
abs   003fd95c  _EST_Freq_setParams                              
abs   003fd1be  _EST_I_setParams                                 
abs   003fd9cc  _EST_Iab_setParams                               
abs   003fda1e  _EST_Idq_setParams                               
abs   003fd3a8  _EST_Ls_getLs_d                                  
abs   003fd2b6  _EST_Ls_setLs_d                                  
abs   003fd284  _EST_Ls_setLs_q                                  
abs   003fd247  _EST_Ls_setParams                                
abs   003fd237  _EST_Ls_setWaitTimes                             
abs   003fda0d  _EST_OneOverDcBus_setParams                      
abs   003fd7e9  _EST_Rr_setParams                                
abs   003fd788  _EST_Rr_setRr                                    
abs   003fd57d  _EST_RsOnLine_setFilterParams                    
abs   003fd54d  _EST_RsOnLine_setParams                          
abs   003fd767  _EST_Rs_getRs                                    
abs   003fd725  _EST_Rs_setParams                                
abs   003fd6c3  _EST_Rs_setRs                                    
abs   003fd6b3  _EST_Rs_setWaitTimes                             
abs   003fd1af  _EST_TRAJ_setParams                              
abs   003fda53  _EST_Vab_setParams                               
abs   003fda47  _EST_Vback_ab_setParams                          
abs   003fda5e  _EST_Vback_dq_setParams                          
abs   003fd9fb  _EST_Vdq_setParams                               
abs   003fc092  _EST_computeDirection_qFmt                       
abs   003fd16d  _EST_computeL                                    
abs   003fd14d  _EST_computeR                                    
abs   003fd145  _EST_doCurrentCtrl                               
abs   003fd13d  _EST_doSpeedCtrl                                 
abs   003fd129  _EST_genOutputLimits_Pid_Id                      
abs   003fd0ff  _EST_genOutputLimits_Pid_Iq                      
abs   003fc5f2  _EST_getAngle_pu                                 
abs   003fd090  _EST_getFlux_pu                                  
abs   003fd073  _EST_getFm_pu                                    
abs   003fc062  _EST_getFullScaleCurrent                         
abs   003fd043  _EST_getFullScaleFlux                            
abs   003fcc5c  _EST_getFullScaleFreq                            
abs   003fc4d1  _EST_getFullScaleInductance                      
abs   003fc08e  _EST_getFullScaleVoltage                         
abs   003fd034  _EST_getIab_pu                                   
abs   003fcfe4  _EST_getLs_coarse_max_pu                         
abs   003fcfda  _EST_getLs_d_H                                   
abs   003fcfd5  _EST_getLs_d_pu                                  
abs   003fcfb3  _EST_getLs_q_H                                   
abs   003fcfae  _EST_getLs_q_pu                                  
abs   003fcf98  _EST_getOneOverDcBus_pu                          
abs   003fcef8  _EST_getRs_Ohm                                   
abs   003fc000  _EST_getState                                    
abs   003fce3d  _EST_get_krpm_to_pu_sf                           
abs   003fcd72  _EST_isError                                     
abs   003fcd6b  _EST_isIdle                                      
abs   003fcd64  _EST_isLockRotor                                 
abs   003fc05e  _EST_isMotorIdentified                           
abs   003fcd5d  _EST_isOnLine                                    
abs   003fc5ed  _EST_resetCounter_ctrl                           
abs   003fc05a  _EST_resetCounter_state                          
abs   003fcc60  _EST_run                                         
abs   003fc5c5  _EST_setFlag_enableFluxControl                   
abs   003fc5bc  _EST_setFlag_enableRsOnLine                      
abs   003fc5b8  _EST_setFlag_enableRsRecalc                      
abs   003fc5b4  _EST_setFlag_estComplete                         
abs   003fc5b0  _EST_setFlag_updateRs                            
abs   003fc594  _EST_setFullScaleCurrent                         
abs   003fc58b  _EST_setFullScaleFreq                            
abs   003fc573  _EST_setFullScaleResistance                      
abs   003fc56f  _EST_setFullScaleVoltage                         
abs   003fc569  _EST_setIdRated_pu                               
abs   003fc565  _EST_setId_ref_pu                                
abs   003fc55f  _EST_setIdle                                     
abs   003fc54c  _EST_setIdle_all                                 
abs   003fc548  _EST_setIq_ref_pu                                
abs   003fc52a  _EST_setLs_d_pu                                  
abs   003fc4d6  _EST_setLs_qFmt                                  
abs   003fc4cc  _EST_setLs_q_pu                                  
abs   003fc4bb  _EST_setMotorParams                              
abs   003fc3fd  _EST_setRs_pu                                    
abs   003fc3e2  _EST_setWaitTimes                                
abs   003fc3da  _EST_updateId_ref_pu                             
abs   003fc0f8  _EST_updateState                                 
abs   003fc002  _EST_useZeroIq_ref                               
0     003f3707  _FLASH_clear3VStatus                             
0     0000802c  _FLASH_disablePipelineMode                       
0     00008026  _FLASH_enablePipelineMode                        
0     003f3704  _FLASH_get3VStatus                               
0     003f3701  _FLASH_getActiveWaitCount                        
0     003f36fd  _FLASH_getActiveWaitStatus                       
0     003f36fa  _FLASH_getPowerMode                              
0     003f36f7  _FLASH_getStandbyWaitCount                       
0     003f36f3  _FLASH_getStandbyWaitStatus                      
0     003f36ed  _FLASH_init                                      
0     00008021  _FLASH_setActiveWaitCount                        
0     0000801a  _FLASH_setNumPagedReadWaitStates                 
0     00008013  _FLASH_setNumRandomReadWaitStates                
0     0000800c  _FLASH_setOtpWaitStates                          
0     00008005  _FLASH_setPowerMode                              
0     00008000  _FLASH_setStandbyWaitCount                       
0     003f3028  _GPIO_getData                                    
0     003f301d  _GPIO_getPortData                                
0     003f3017  _GPIO_init                                       
0     003f300d  _GPIO_lpmSelect                                  
0     003f2ffa  _GPIO_read                                       
0     003f2fe0  _GPIO_setDirection                               
0     003f2fd5  _GPIO_setExtInt                                  
0     003f2fc5  _GPIO_setHigh                                    
0     003f2fb5  _GPIO_setLow                                     
0     003f2f86  _GPIO_setMode                                    
0     003f2f78  _GPIO_setPortData                                
0     003f2f5e  _GPIO_setPullUp                                  
0     003f2f28  _GPIO_setQualification                           
0     003f2efd  _GPIO_setQualificationPeriod                     
0     003f2eed  _GPIO_toggle                                     
0     003f125c  _HAL_AdcCalChanSelect                            
0     003f12b3  _HAL_AdcCalConversion                            
0     003f1415  _HAL_AdcOffsetSelfCal                            
0     003f14d7  _HAL_OscTempComp                                 
0     003f1530  _HAL_cal                                         
0     003f1765  _HAL_disableGlobalInts                           
0     003f167e  _HAL_disableWdog                                 
0     003f1753  _HAL_enableAdcInts                               
0     003f174f  _HAL_enableDebugInt                              
0     003f174a  _HAL_enableDrv                                   
0     003f1746  _HAL_enableGlobalInts                            
0     003f1735  _HAL_enablePwmInt                                
0     003f1444  _HAL_getOscTrimValue                             
0     003f1683  _HAL_init                                        
0     003f1457  _HAL_osc1Comp                                    
0     003f1497  _HAL_osc2Comp                                    
0     003f1679  _HAL_readDrvData                                 
0     003f165f  _HAL_setDacParameters                            
0     003f1547  _HAL_setParams                                   
0     003f11aa  _HAL_setupAdcs                                   
0     003f118e  _HAL_setupClks                                   
0     003f1189  _HAL_setupDrvSpi                                 
0     003f116f  _HAL_setupFaults                                 
0     00008032  _HAL_setupFlash                                  
0     003f115a  _HAL_setupGate                                   
0     003f10b6  _HAL_setupGpios                                  
0     003f1090  _HAL_setupLaunchPadGpio0and1                     
0     003f105b  _HAL_setupPeripheralClks                         
0     003f103f  _HAL_setupPie                                    
0     003f1000  _HAL_setupPll                                    
0     003f0f28  _HAL_setupPwms                                   
0     003f0ef2  _HAL_setupSpiA                                   
0     003f0e99  _HAL_setupTimers                                 
0     003f0e94  _HAL_writeDrvData                                
abs   003fd8c3  _OFFSET_init                                     
abs   003fd8ad  _OFFSET_setBeta                                  
abs   003fd89c  _OFFSET_setInitCond                              
abs   003fd89a  _OFFSET_setOffset                                
0     003f362a  _OSC_init                                        
0     003f361d  _OSC_setCoarseTrim                               
0     003f360c  _OSC_setFineTrim                                 
0     003f3603  _OSC_setTrim                                     
0     003f3259  _PIE_clearAllFlags                               
0     003f3256  _PIE_clearAllInts                                
0     003f3253  _PIE_disable                                     
0     003f324c  _PIE_disableAllInts                              
0     003f3248  _PIE_disableCaptureInt                           
0     003f323f  _PIE_disableExtInt                               
0     003f3235  _PIE_disableInt                                  
0     003f3232  _PIE_enable                                      
0     003f3216  _PIE_enableAdcInt                                
0     003f3212  _PIE_enableCaptureInt                            
0     003f31f6  _PIE_enableExtInt                                
0     003f31ed  _PIE_enableInt                                   
0     003f31e8  _PIE_enablePwmInt                                
0     003f31e3  _PIE_enablePwmTzInt                              
0     003f31e0  _PIE_enableTimer0Int                             
0     003f31d7  _PIE_forceInt                                    
0     003f31cf  _PIE_getExtIntCount                              
0     003f31c8  _PIE_getIntEnables                               
0     003f31c1  _PIE_getIntFlags                                 
0     003f3780  _PIE_illegalIsr                                  
0     003f31b9  _PIE_init                                        
0     003f31a8  _PIE_registerPieIntHandler                       
0     003f319d  _PIE_registerSystemIntHandler                    
0     003f3192  _PIE_setDefaultIntVectorTable                    
0     003f3181  _PIE_setExtIntPolarity                           
0     003f316e  _PIE_unregisterPieIntHandler                     
0     003f3161  _PIE_unregisterSystemIntHandler                  
0     003f34ed  _PLL_disable                                     
0     003f34e7  _PLL_disableClkDetect                            
0     003f34e1  _PLL_disableNormRdy                              
0     003f34db  _PLL_disableOsc                                  
0     003f34d5  _PLL_enable                                      
0     003f34cf  _PLL_enableClkDetect                             
0     003f34c9  _PLL_enableNormRdy                               
0     003f34c3  _PLL_enableOsc                                   
0     003f34bf  _PLL_getClkFreq                                  
0     003f34bc  _PLL_getClkStatus                                
0     003f34b9  _PLL_getDivideSelect                             
0     003f34b6  _PLL_getLockStatus                               
0     003f34b0  _PLL_init                                        
0     003f34aa  _PLL_resetClkDetect                              
0     003f34a4  _PLL_setClkFreq                                  
0     003f349d  _PLL_setDivideSelect                             
0     003f3498  _PLL_setLockPeriod                               
0     003f2cf2  _PWM_clearTripZone                               
0     003f2cef  _PWM_decrementDeadBandFallingEdgeDelay           
0     003f2cec  _PWM_decrementDeadBandRisingEdgeDelay            
0     003f2ce5  _PWM_disableAutoConvert                          
0     003f2ce1  _PWM_disableChopping                             
0     003f2cde  _PWM_disableCounterLoad                          
0     003f2cdb  _PWM_disableDeadBand                             
0     003f2cd7  _PWM_disableDeadBandHalfCycle                    
0     003f2cd0  _PWM_disableDigitalCompareBlankingWindow         
0     003f2cc9  _PWM_disableDigitalCompareBlankingWindowInversion
0     003f2cc2  _PWM_disableHrPeriod                             
0     003f2cbb  _PWM_disableHrPhaseSync                          
0     003f2cb7  _PWM_disableInt                                  
0     003f2cb3  _PWM_disableSocAPulse                            
0     003f2caf  _PWM_disableSocBPulse                            
0     003f2ca8  _PWM_disableTripZoneInt                          
0     003f2ca1  _PWM_disableTripZoneSrc                          
0     003f2c9b  _PWM_disableTripZones                            
0     003f2c94  _PWM_enableAutoConvert                           
0     003f2c90  _PWM_enableChopping                              
0     003f2c8d  _PWM_enableCounterLoad                           
0     003f2c89  _PWM_enableDeadBandHalfCycle                     
0     003f2c82  _PWM_enableDigitalCompareBlankingWindow          
0     003f2c7b  _PWM_enableDigitalCompareBlankingWindowInversion 
0     003f2c74  _PWM_enableHrPeriod                              
0     003f2c6d  _PWM_enableHrPhaseSync                           
0     003f2c69  _PWM_enableInt                                   
0     003f2c65  _PWM_enableSocAPulse                             
0     003f2c61  _PWM_enableSocBPulse                             
0     003f2c5b  _PWM_enableTripZoneInt                           
0     003f2c55  _PWM_enableTripZoneSrc                           
0     003f2c52  _PWM_getDeadBandFallingEdgeDelay                 
0     003f2c4f  _PWM_getDeadBandRisingEdgeDelay                  
0     003f2c4b  _PWM_getIntCount                                 
0     003f2c47  _PWM_getShadowStatus_CmpA                        
0     003f2c43  _PWM_getShadowStatus_CmpB                        
0     003f2c3e  _PWM_getSocACount                                
0     003f2c39  _PWM_getSocBCount                                
0     003f2c36  _PWM_incrementDeadBandFallingEdgeDelay           
0     003f2c33  _PWM_incrementDeadBandRisingEdgeDelay            
0     003f2c2d  _PWM_init                                        
0     003f2c26  _PWM_setActionQualContSWForce_PwmA               
0     003f2c1d  _PWM_setActionQualContSWForce_PwmB               
0     003f2c14  _PWM_setActionQual_CntDown_CmpA_PwmA             
0     003f2c0b  _PWM_setActionQual_CntDown_CmpA_PwmB             
0     003f2c02  _PWM_setActionQual_CntDown_CmpB_PwmA             
0     003f2bf9  _PWM_setActionQual_CntDown_CmpB_PwmB             
0     003f2bf0  _PWM_setActionQual_CntUp_CmpA_PwmA               
0     003f2be7  _PWM_setActionQual_CntUp_CmpA_PwmB               
0     003f2bde  _PWM_setActionQual_CntUp_CmpB_PwmA               
0     003f2bd5  _PWM_setActionQual_CntUp_CmpB_PwmB               
0     003f2bcc  _PWM_setActionQual_Period_PwmA                   
0     003f2bc3  _PWM_setActionQual_Period_PwmB                   
0     003f2bbc  _PWM_setActionQual_Zero_PwmA                     
0     003f2bb5  _PWM_setActionQual_Zero_PwmB                     
0     003f2bae  _PWM_setChoppingClkFreq                          
0     003f2ba7  _PWM_setChoppingDutyCycle                        
0     003f2ba0  _PWM_setChoppingPulseWidth                       
0     003f2b9c  _PWM_setClkDiv                                   
0     003f2b9a  _PWM_setCount                                    
0     003f2b96  _PWM_setCounterMode                              
0     003f2b93  _PWM_setDeadBandFallingEdgeDelay                 
0     003f2b8c  _PWM_setDeadBandInputMode                        
0     003f2b85  _PWM_setDeadBandOutputMode                       
0     003f2b7e  _PWM_setDeadBandPolarity                         
0     003f2b7b  _PWM_setDeadBandRisingEdgeDelay                  
0     003f2b61  _PWM_setDigitalCompareAEvent1                    
0     003f2b51  _PWM_setDigitalCompareAEvent2                    
0     003f2b37  _PWM_setDigitalCompareBEvent1                    
0     003f2b27  _PWM_setDigitalCompareBEvent2                    
0     003f2b1b  _PWM_setDigitalCompareBlankingPulse              
0     003f2b18  _PWM_setDigitalCompareFilterOffset               
0     003f2b0e  _PWM_setDigitalCompareFilterSource               
0     003f2b0b  _PWM_setDigitalCompareFilterWindow               
0     003f2afc  _PWM_setDigitalCompareInput                      
0     003f2af8  _PWM_setHighSpeedClkDiv                          
0     003f2aee  _PWM_setHrControlMode                            
0     003f2ae4  _PWM_setHrEdgeMode                               
0     003f2ada  _PWM_setHrShadowMode                             
0     003f2ad3  _PWM_setIntMode                                  
0     003f2acc  _PWM_setIntPeriod                                
0     003f2ac8  _PWM_setLoadMode_CmpA                            
0     003f2ac2  _PWM_setLoadMode_CmpB                            
0     003f2ac0  _PWM_setPeriod                                   
0     003f2abb  _PWM_setPeriodHr                                 
0     003f2ab7  _PWM_setPeriodLoad                               
0     003f2ab5  _PWM_setPhase                                    
0     003f2ab1  _PWM_setPhaseDir                                 
0     003f2aad  _PWM_setRunMode                                  
0     003f2aa7  _PWM_setShadowMode_CmpA                          
0     003f2aa1  _PWM_setShadowMode_CmpB                          
0     003f2a98  _PWM_setSocAPeriod                               
0     003f2a8f  _PWM_setSocAPulseSrc                             
0     003f2a86  _PWM_setSocBPeriod                               
0     003f2a7d  _PWM_setSocBPulseSrc                             
0     003f2a7a  _PWM_setSwSync                                   
0     003f2a76  _PWM_setSyncMode                                 
0     003f2a6c  _PWM_setTripZoneDCEventSelect_DCAEVT1            
0     003f2a60  _PWM_setTripZoneDCEventSelect_DCAEVT2            
0     003f2a54  _PWM_setTripZoneDCEventSelect_DCBEVT1            
0     003f2a48  _PWM_setTripZoneDCEventSelect_DCBEVT2            
0     003f2a3c  _PWM_setTripZoneState_DCAEVT1                    
0     003f2a30  _PWM_setTripZoneState_DCAEVT2                    
0     003f2a24  _PWM_setTripZoneState_DCBEVT1                    
0     003f2a18  _PWM_setTripZoneState_DCBEVT2                    
0     003f2a0e  _PWM_setTripZoneState_TZA                        
0     003f2a02  _PWM_setTripZoneState_TZB                        
0     003f35ce  _PWR_disableBrownOutReset                        
0     003f35c4  _PWR_disableWatchDogInt                          
0     003f35c1  _PWR_enableBrownOutReset                         
0     003f35b7  _PWR_enableWatchDogInt                           
0     003f35af  _PWR_init                                        
0     003f359e  _PWR_setLowPowerMode                             
0     003f358d  _PWR_setNumStandByClocks                         
0     003f37dc  _RamfuncsLoadEnd                                 
0     003f3788  _RamfuncsLoadStart                               
0     00008000  _RamfuncsRunStart                                
0     003f33b7  _SPI_clearRxFifoInt                              
0     003f33b3  _SPI_clearRxFifoOvf                              
0     003f33af  _SPI_clearTxFifoInt                              
0     003f33ac  _SPI_disableInt                                  
0     003f33a9  _SPI_disableLoopBack                             
0     003f33a6  _SPI_disableOverRunInt                           
0     003f33a2  _SPI_disableRxFifoInt                            
0     003f339f  _SPI_disableTx                                   
0     003f339b  _SPI_disableTxFifoEnh                            
0     003f3397  _SPI_disableTxFifoInt                            
0     003f3394  _SPI_enable                                      
0     003f3390  _SPI_enableChannels                              
0     003f338d  _SPI_enableInt                                   
0     003f338a  _SPI_enableLoopBack                              
0     003f3387  _SPI_enableOverRunInt                            
0     003f3383  _SPI_enableRxFifo                                
0     003f337f  _SPI_enableRxFifoInt                             
0     003f337c  _SPI_enableTx                                    
0     003f3378  _SPI_enableTxFifo                                
0     003f3374  _SPI_enableTxFifoEnh                             
0     003f3370  _SPI_enableTxFifoInt                             
0     003f336d  _SPI_getIntFlagStatus                            
0     003f3369  _SPI_getRxFifoStatus                             
0     003f3366  _SPI_getTxBufferStatus                           
0     003f3362  _SPI_getTxFifoStatus                             
0     003f335c  _SPI_init                                        
0     003f3359  _SPI_reset                                       
0     003f3355  _SPI_resetChannels                               
0     003f3351  _SPI_resetRxFifo                                 
0     003f334d  _SPI_resetTxFifo                                 
0     003f334b  _SPI_setBaudRate                                 
0     003f3347  _SPI_setCharLength                               
0     003f3345  _SPI_setClkPhase                                 
0     003f3341  _SPI_setClkPolarity                              
0     003f333f  _SPI_setMode                                     
0     003f3338  _SPI_setPriority                                 
0     003f3331  _SPI_setRxFifoIntLevel                           
0     003f332a  _SPI_setSteInv                                   
0     003f3323  _SPI_setSuspend                                  
0     003f331c  _SPI_setTriWire                                  
0     003f3319  _SPI_setTxDelay                                  
0     003f3312  _SPI_setTxFifoIntLevel                           
0     003f3600  _TIMER_clearFlag                                 
0     003f35fd  _TIMER_disableInt                                
0     003f35fa  _TIMER_enableInt                                 
0     003f35f7  _TIMER_getStatus                                 
0     003f35f1  _TIMER_init                                      
0     003f35e3  _TIMER_setDecimationFactor                       
0     003f35df  _TIMER_setEmulationMode                          
0     003f35d1  _TIMER_setPreScaler                              
0     003f2941  _USER_calcPIgains                                
0     003f293d  _USER_checkForErrors                             
0     003f292f  _USER_computeFlux                                
0     003f28f3  _USER_computeFlux_pu_to_VpHz_sf                  
0     003f28b7  _USER_computeFlux_pu_to_Wb_sf                    
0     003f287b  _USER_computeTorque_Flux_Iq_pu_to_Nm_sf          
0     003f2841  _USER_computeTorque_Ls_Id_Iq_pu_to_Nm_sf         
0     003f27f4  _USER_computeTorque_Nm                           
0     003f279c  _USER_computeTorque_lbin                         
0     003f2799  _USER_getErrorCode                               
0     003f2796  _USER_setErrorCode                               
0     003f265a  _USER_setParams                                  
0     003f25d7  _USER_softwareUpdate1p6                          
0     003f3585  _WDOG_clearCounter                               
0     003f357d  _WDOG_disable                                    
0     003f3577  _WDOG_disableInt                                 
0     003f3571  _WDOG_disableOverRide                            
0     003f3568  _WDOG_enable                                     
0     003f3562  _WDOG_enableInt                                  
0     003f355c  _WDOG_enableOverRide                             
0     003f3559  _WDOG_getIntStatus                               
0     003f3553  _WDOG_init                                       
0     003f3551  _WDOG_setCount                                   
0     003f3547  _WDOG_setPreScaler                               
abs   003ff854  __IQ24cosPU                                      
abs   003fff8f  __IQ24rmpy                                       
abs   003ff82b  __IQ24sinPU                                      
abs   003ff87b  __IQ29rsmpy                                      
abs   003fff52  __IQ30rsmpy                                      
abs   003fff7b  __IQ30toF                                        
1     0000037a  __STACK_END                                      
abs   00000180  __STACK_SIZE                                     
1     000001ee  ___TI_cleanup_ptr                                
1     000001f0  ___TI_dtors_ptr                                  
1     000001ec  ___TI_enable_exit_profile_output                 
abs   ffffffff  ___TI_pprof_out_hndl                             
abs   ffffffff  ___TI_prof_data_size                             
abs   ffffffff  ___TI_prof_data_start                            
abs   ffffffff  ___binit__                                       
abs   ffffffff  ___c_args__                                      
0     003f37dc  ___cinit__                                       
0     003f3788  ___etext__                                       
abs   ffffffff  ___pinit__                                       
0     003f0000  ___text__                                        
0     003f3747  __args_main                                      
1     000001f2  __lock                                           
0     003f3777  __nop                                            
0     003f3773  __register_lock                                  
0     003f376f  __register_unlock                                
1     000001fa  __stack                                          
0     003f3787  __system_post_cinit                              
0     003f3785  __system_pre_init                                
1     000001f4  __unlock                                         
0     003f365a  _abort                                           
0     003f34f3  _c_int00                                         
0     003f342f  _ceil                                            
0     003f342f  _ceilf                                           
0     003f36a8  _copy_in                                         
1     000001f8  _cpu                                             
0     003f365c  _exit                                            
1     0000000a  _gAdcData                                        
1     00000040  _gDrvSpi8305Vars                                 
1     00000002  _gLEDcnt                                         
1     000000c0  _gMotorVars                                      
1     00000004  _gPwmData                                        
1     00000140  _gUserParams                                     
1     00000380  _hal                                             
1     00000000  _halHandle                                       
abs   003fda88  _log                                             
0     003f33bb  _main                                            
0     003f3260  _mainISR                                         
0     003f3760  _memCopy                                         
0     003f372a  _memcpy                                          
abs   003fdd64  _pow                                             
0     00008050  _usDelay                                         
abs   ffffffff  binit                                            
0     003f37dc  cinit                                            
0     003f7ff6  code_start                                       
0     003f3788  etext                                            
abs   ffffffff  pinit                                            


GLOBAL SYMBOLS: SORTED BY Symbol Address 

page  address   name                                             
----  -------   ----                                             
0     00008000  _FLASH_setStandbyWaitCount                       
0     00008000  _RamfuncsRunStart                                
0     00008005  _FLASH_setPowerMode                              
0     0000800c  _FLASH_setOtpWaitStates                          
0     00008013  _FLASH_setNumRandomReadWaitStates                
0     0000801a  _FLASH_setNumPagedReadWaitStates                 
0     00008021  _FLASH_setActiveWaitCount                        
0     00008026  _FLASH_enablePipelineMode                        
0     0000802c  _FLASH_disablePipelineMode                       
0     00008032  _HAL_setupFlash                                  
0     00008050  _usDelay                                         
0     003f0000  .text                                            
0     003f0000  _CTRL_setupTraj                                  
0     003f0000  ___text__                                        
0     003f0164  _CTRL_setupEstOnLineState                        
0     003f019f  _CTRL_setupEstIdleState                          
0     003f033d  _CTRL_setupCtrl                                  
0     003f0525  _CTRL_setUserMotorParams                         
0     003f0658  _CTRL_setEstParams                               
0     003f0dbe  _CTRL_runTraj                                    
0     003f0e8a  _CTRL_getVersion                                 
0     003f0e94  _HAL_writeDrvData                                
0     003f0e99  _HAL_setupTimers                                 
0     003f0ef2  _HAL_setupSpiA                                   
0     003f0f28  _HAL_setupPwms                                   
0     003f1000  _HAL_setupPll                                    
0     003f103f  _HAL_setupPie                                    
0     003f105b  _HAL_setupPeripheralClks                         
0     003f1090  _HAL_setupLaunchPadGpio0and1                     
0     003f10b6  _HAL_setupGpios                                  
0     003f115a  _HAL_setupGate                                   
0     003f116f  _HAL_setupFaults                                 
0     003f1189  _HAL_setupDrvSpi                                 
0     003f118e  _HAL_setupClks                                   
0     003f11aa  _HAL_setupAdcs                                   
0     003f125c  _HAL_AdcCalChanSelect                            
0     003f12b3  _HAL_AdcCalConversion                            
0     003f1415  _HAL_AdcOffsetSelfCal                            
0     003f1444  _HAL_getOscTrimValue                             
0     003f1457  _HAL_osc1Comp                                    
0     003f1497  _HAL_osc2Comp                                    
0     003f14d7  _HAL_OscTempComp                                 
0     003f1530  _HAL_cal                                         
0     003f1547  _HAL_setParams                                   
0     003f165f  _HAL_setDacParameters                            
0     003f1679  _HAL_readDrvData                                 
0     003f167e  _HAL_disableWdog                                 
0     003f1683  _HAL_init                                        
0     003f1735  _HAL_enablePwmInt                                
0     003f1746  _HAL_enableGlobalInts                            
0     003f174a  _HAL_enableDrv                                   
0     003f174f  _HAL_enableDebugInt                              
0     003f1753  _HAL_enableAdcInts                               
0     003f1765  _HAL_disableGlobalInts                           
0     003f1769  _DRV8305_writeSpi                                
0     003f1785  _DRV8305_writeData                               
0     003f1869  _DRV8305_readSpi                                 
0     003f189b  _DRV8305_setupSpi                                
0     003f1a73  _DRV8305_setWatchDelay                           
0     003f1a87  _DRV8305_setVregUvLevel                          
0     003f1a9b  _DRV8305_setVrefScaling                          
0     003f1aaf  _DRV8305_setVDSMode                              
0     003f1ac3  _DRV8305_setVDSLevel                             
0     003f1ad7  _DRV8305_setVDSDeglitch                          
0     003f1aeb  _DRV8305_setVDSBlanking                          
0     003f1aff  _DRV8305_setSpiHandle                            
0     003f1b01  _DRV8305_setSleepDelay                           
0     003f1b15  _DRV8305_setPwmMode                              
0     003f1b29  _DRV8305_setPeakSourTime                         
0     003f1b3d  _DRV8305_setPeakSourCurHS                        
0     003f1b51  _DRV8305_setPeakSinkTime                         
0     003f1b65  _DRV8305_setPeakSinkCurLS                        
0     003f1b79  _DRV8305_setPeakSinkCurHS                        
0     003f1b8d  _DRV8305_setGpioNumber                           
0     003f1b8f  _DRV8305_setGpioHandle                           
0     003f1b91  _DRV8305_setDeadTime                             
0     003f1ba5  _DRV8305_setDcCalMode                            
0     003f1bc9  _DRV8305_setCommOption                           
0     003f1bdd  _DRV8305_setCSGain3                              
0     003f1bf1  _DRV8305_setCSGain2                              
0     003f1c05  _DRV8305_setCSGain1                              
0     003f1c19  _DRV8305_setCSBlank                              
0     003f1c2d  _DRV8305_reset                                   
0     003f1c3c  _DRV8305_readData                                
0     003f1e17  _DRV8305_isFault                                 
0     003f1e1e  _DRV8305_init                                    
0     003f1e27  _DRV8305_getWatchDelay                           
0     003f1e2d  _DRV8305_getVregUvLevel                          
0     003f1e33  _DRV8305_getVrefScaling                          
0     003f1e3a  _DRV8305_getVDSMode                              
0     003f1e40  _DRV8305_getVDSLevel                             
0     003f1e46  _DRV8305_getVDSDeglitch                          
0     003f1e4c  _DRV8305_getVDSBlanking                          
0     003f1e52  _DRV8305_getSleepDelay                           
0     003f1e58  _DRV8305_getPwmMode                              
0     003f1e5f  _DRV8305_getPeakSourTime                         
0     003f1e66  _DRV8305_getPeakSourCurLS                        
0     003f1e6c  _DRV8305_getPeakSourCurHS                        
0     003f1e72  _DRV8305_getPeakSinkTime                         
0     003f1e79  _DRV8305_getPeakSinkCurLS                        
0     003f1e7f  _DRV8305_getPeakSinkCurHS                        
0     003f1e85  _DRV8305_getDeadTime                             
0     003f1e8b  _DRV8305_getDcCalMode                            
0     003f1ea2  _DRV8305_getCommOption                           
0     003f1ea9  _DRV8305_getCSGain3                              
0     003f1eaf  _DRV8305_getCSGain2                              
0     003f1eb5  _DRV8305_getCSGain1                              
0     003f1ebb  _DRV8305_getCSBlank                              
0     003f1ec1  _DRV8305_enable                                  
0     003f1ee4  _CTRL_updateState                                
0     003f1f95  _CTRL_setupClarke_V                              
0     003f1faa  _CTRL_setupClarke_I                              
0     003f1fc5  _CTRL_setup                                      
0     003f1fce  _CTRL_setWaitTimes                               
0     003f1fe1  _CTRL_setSpd_ref_pu                              
0     003f1fe4  _CTRL_setSpd_ref_krpm                            
0     003f1ff7  _CTRL_setGains                                   
0     003f201f  _CTRL_setParams                                  
0     003f2269  _CTRL_setMaximumSpeed_pu                         
0     003f226c  _CTRL_setMagCurrent_pu                           
0     003f226f  _CTRL_run                                        
0     003f255d  _CTRL_getWaitTimes                               
0     003f2570  _CTRL_getVdq_out_pu                              
0     003f2577  _CTRL_getVab_out_pu                              
0     003f257e  _CTRL_getVab_in_pu                               
0     003f2585  _CTRL_getMaximumSpeed_pu                         
0     003f2588  _CTRL_getMagCurrent_pu                           
0     003f258b  _CTRL_getIdq_ref_pu                              
0     003f2592  _CTRL_getIdq_in_pu                               
0     003f2599  _CTRL_getIab_in_pu                               
0     003f25a0  _CTRL_getIab_filt_pu                             
0     003f25a7  _CTRL_getGains                                   
0     003f25d7  _USER_softwareUpdate1p6                          
0     003f265a  _USER_setParams                                  
0     003f2796  _USER_setErrorCode                               
0     003f2799  _USER_getErrorCode                               
0     003f279c  _USER_computeTorque_lbin                         
0     003f27f4  _USER_computeTorque_Nm                           
0     003f2841  _USER_computeTorque_Ls_Id_Iq_pu_to_Nm_sf         
0     003f287b  _USER_computeTorque_Flux_Iq_pu_to_Nm_sf          
0     003f28b7  _USER_computeFlux_pu_to_Wb_sf                    
0     003f28f3  _USER_computeFlux_pu_to_VpHz_sf                  
0     003f292f  _USER_computeFlux                                
0     003f293d  _USER_checkForErrors                             
0     003f2941  _USER_calcPIgains                                
0     003f2a02  _PWM_setTripZoneState_TZB                        
0     003f2a0e  _PWM_setTripZoneState_TZA                        
0     003f2a18  _PWM_setTripZoneState_DCBEVT2                    
0     003f2a24  _PWM_setTripZoneState_DCBEVT1                    
0     003f2a30  _PWM_setTripZoneState_DCAEVT2                    
0     003f2a3c  _PWM_setTripZoneState_DCAEVT1                    
0     003f2a48  _PWM_setTripZoneDCEventSelect_DCBEVT2            
0     003f2a54  _PWM_setTripZoneDCEventSelect_DCBEVT1            
0     003f2a60  _PWM_setTripZoneDCEventSelect_DCAEVT2            
0     003f2a6c  _PWM_setTripZoneDCEventSelect_DCAEVT1            
0     003f2a76  _PWM_setSyncMode                                 
0     003f2a7a  _PWM_setSwSync                                   
0     003f2a7d  _PWM_setSocBPulseSrc                             
0     003f2a86  _PWM_setSocBPeriod                               
0     003f2a8f  _PWM_setSocAPulseSrc                             
0     003f2a98  _PWM_setSocAPeriod                               
0     003f2aa1  _PWM_setShadowMode_CmpB                          
0     003f2aa7  _PWM_setShadowMode_CmpA                          
0     003f2aad  _PWM_setRunMode                                  
0     003f2ab1  _PWM_setPhaseDir                                 
0     003f2ab5  _PWM_setPhase                                    
0     003f2ab7  _PWM_setPeriodLoad                               
0     003f2abb  _PWM_setPeriodHr                                 
0     003f2ac0  _PWM_setPeriod                                   
0     003f2ac2  _PWM_setLoadMode_CmpB                            
0     003f2ac8  _PWM_setLoadMode_CmpA                            
0     003f2acc  _PWM_setIntPeriod                                
0     003f2ad3  _PWM_setIntMode                                  
0     003f2ada  _PWM_setHrShadowMode                             
0     003f2ae4  _PWM_setHrEdgeMode                               
0     003f2aee  _PWM_setHrControlMode                            
0     003f2af8  _PWM_setHighSpeedClkDiv                          
0     003f2afc  _PWM_setDigitalCompareInput                      
0     003f2b0b  _PWM_setDigitalCompareFilterWindow               
0     003f2b0e  _PWM_setDigitalCompareFilterSource               
0     003f2b18  _PWM_setDigitalCompareFilterOffset               
0     003f2b1b  _PWM_setDigitalCompareBlankingPulse              
0     003f2b27  _PWM_setDigitalCompareBEvent2                    
0     003f2b37  _PWM_setDigitalCompareBEvent1                    
0     003f2b51  _PWM_setDigitalCompareAEvent2                    
0     003f2b61  _PWM_setDigitalCompareAEvent1                    
0     003f2b7b  _PWM_setDeadBandRisingEdgeDelay                  
0     003f2b7e  _PWM_setDeadBandPolarity                         
0     003f2b85  _PWM_setDeadBandOutputMode                       
0     003f2b8c  _PWM_setDeadBandInputMode                        
0     003f2b93  _PWM_setDeadBandFallingEdgeDelay                 
0     003f2b96  _PWM_setCounterMode                              
0     003f2b9a  _PWM_setCount                                    
0     003f2b9c  _PWM_setClkDiv                                   
0     003f2ba0  _PWM_setChoppingPulseWidth                       
0     003f2ba7  _PWM_setChoppingDutyCycle                        
0     003f2bae  _PWM_setChoppingClkFreq                          
0     003f2bb5  _PWM_setActionQual_Zero_PwmB                     
0     003f2bbc  _PWM_setActionQual_Zero_PwmA                     
0     003f2bc3  _PWM_setActionQual_Period_PwmB                   
0     003f2bcc  _PWM_setActionQual_Period_PwmA                   
0     003f2bd5  _PWM_setActionQual_CntUp_CmpB_PwmB               
0     003f2bde  _PWM_setActionQual_CntUp_CmpB_PwmA               
0     003f2be7  _PWM_setActionQual_CntUp_CmpA_PwmB               
0     003f2bf0  _PWM_setActionQual_CntUp_CmpA_PwmA               
0     003f2bf9  _PWM_setActionQual_CntDown_CmpB_PwmB             
0     003f2c02  _PWM_setActionQual_CntDown_CmpB_PwmA             
0     003f2c0b  _PWM_setActionQual_CntDown_CmpA_PwmB             
0     003f2c14  _PWM_setActionQual_CntDown_CmpA_PwmA             
0     003f2c1d  _PWM_setActionQualContSWForce_PwmB               
0     003f2c26  _PWM_setActionQualContSWForce_PwmA               
0     003f2c2d  _PWM_init                                        
0     003f2c33  _PWM_incrementDeadBandRisingEdgeDelay            
0     003f2c36  _PWM_incrementDeadBandFallingEdgeDelay           
0     003f2c39  _PWM_getSocBCount                                
0     003f2c3e  _PWM_getSocACount                                
0     003f2c43  _PWM_getShadowStatus_CmpB                        
0     003f2c47  _PWM_getShadowStatus_CmpA                        
0     003f2c4b  _PWM_getIntCount                                 
0     003f2c4f  _PWM_getDeadBandRisingEdgeDelay                  
0     003f2c52  _PWM_getDeadBandFallingEdgeDelay                 
0     003f2c55  _PWM_enableTripZoneSrc                           
0     003f2c5b  _PWM_enableTripZoneInt                           
0     003f2c61  _PWM_enableSocBPulse                             
0     003f2c65  _PWM_enableSocAPulse                             
0     003f2c69  _PWM_enableInt                                   
0     003f2c6d  _PWM_enableHrPhaseSync                           
0     003f2c74  _PWM_enableHrPeriod                              
0     003f2c7b  _PWM_enableDigitalCompareBlankingWindowInversion 
0     003f2c82  _PWM_enableDigitalCompareBlankingWindow          
0     003f2c89  _PWM_enableDeadBandHalfCycle                     
0     003f2c8d  _PWM_enableCounterLoad                           
0     003f2c90  _PWM_enableChopping                              
0     003f2c94  _PWM_enableAutoConvert                           
0     003f2c9b  _PWM_disableTripZones                            
0     003f2ca1  _PWM_disableTripZoneSrc                          
0     003f2ca8  _PWM_disableTripZoneInt                          
0     003f2caf  _PWM_disableSocBPulse                            
0     003f2cb3  _PWM_disableSocAPulse                            
0     003f2cb7  _PWM_disableInt                                  
0     003f2cbb  _PWM_disableHrPhaseSync                          
0     003f2cc2  _PWM_disableHrPeriod                             
0     003f2cc9  _PWM_disableDigitalCompareBlankingWindowInversion
0     003f2cd0  _PWM_disableDigitalCompareBlankingWindow         
0     003f2cd7  _PWM_disableDeadBandHalfCycle                    
0     003f2cdb  _PWM_disableDeadBand                             
0     003f2cde  _PWM_disableCounterLoad                          
0     003f2ce1  _PWM_disableChopping                             
0     003f2ce5  _PWM_disableAutoConvert                          
0     003f2cec  _PWM_decrementDeadBandRisingEdgeDelay            
0     003f2cef  _PWM_decrementDeadBandFallingEdgeDelay           
0     003f2cf2  _PWM_clearTripZone                               
0     003f2cf8  _ADC_setupSocTrigSrc                             
0     003f2d22  _ADC_setVoltRefSrc                               
0     003f2d33  _ADC_setTempSensorSrc                            
0     003f2d44  _ADC_setSocTrigSrc                               
0     003f2d58  _ADC_setSocSampleDelay                           
0     003f2d6c  _ADC_setSocFrcWord                               
0     003f2d76  _ADC_setSocFrc                                   
0     003f2d83  _ADC_setSocChanNumber                            
0     003f2d97  _ADC_setSampleOverlapMode                        
0     003f2daa  _ADC_setSampleMode                               
0     003f2dc1  _ADC_setOffTrim                                  
0     003f2dcb  _ADC_setIntSrc                                   
0     003f2dec  _ADC_setIntPulseGenMode                          
0     003f2dfd  _ADC_setIntMode                                  
0     003f2e1e  _ADC_setDivideSelect                             
0     003f2e2f  _ADC_reset                                       
0     003f2e39  _ADC_powerUp                                     
0     003f2e43  _ADC_powerDown                                   
0     003f2e4d  _ADC_init                                        
0     003f2e55  _ADC_getDivideSelect                             
0     003f2e5c  _ADC_enableVoltRefLoConv                         
0     003f2e66  _ADC_enableRefBuffers                            
0     003f2e70  _ADC_enableNoOverlapMode                         
0     003f2e7a  _ADC_enableInt                                   
0     003f2e90  _ADC_enableBandGap                               
0     003f2e9a  _ADC_enable                                      
0     003f2ea4  _ADC_disableVoltRefLoConv                        
0     003f2eae  _ADC_disableRefBuffers                           
0     003f2eb8  _ADC_disableNoOverlapMode                        
0     003f2ec2  _ADC_disableInt                                  
0     003f2ed9  _ADC_disableBandGap                              
0     003f2ee3  _ADC_disable                                     
0     003f2eed  _GPIO_toggle                                     
0     003f2efd  _GPIO_setQualificationPeriod                     
0     003f2f28  _GPIO_setQualification                           
0     003f2f5e  _GPIO_setPullUp                                  
0     003f2f78  _GPIO_setPortData                                
0     003f2f86  _GPIO_setMode                                    
0     003f2fb5  _GPIO_setLow                                     
0     003f2fc5  _GPIO_setHigh                                    
0     003f2fd5  _GPIO_setExtInt                                  
0     003f2fe0  _GPIO_setDirection                               
0     003f2ffa  _GPIO_read                                       
0     003f300d  _GPIO_lpmSelect                                  
0     003f3017  _GPIO_init                                       
0     003f301d  _GPIO_getPortData                                
0     003f3028  _GPIO_getData                                    
0     003f3036  _CLK_setXClkInSrc                                
0     003f303d  _CLK_setWatchDogSrc                              
0     003f3044  _CLK_setTimer2Src                                
0     003f304b  _CLK_setTimer2PreScale                           
0     003f3052  _CLK_setOscSrc                                   
0     003f3059  _CLK_setOsc2Src                                  
0     003f3060  _CLK_setLowSpdPreScaler                          
0     003f3066  _CLK_setClkOutPreScaler                          
0     003f306d  _CLK_init                                        
0     003f3073  _CLK_enableWatchDogHaltMode                      
0     003f3079  _CLK_enableTbClockSync                           
0     003f3080  _CLK_enableSpiaClock                             
0     003f3087  _CLK_enableSciaClock                             
0     003f308e  _CLK_enablePwmClock                              
0     003f3097  _CLK_enableOsc2HaltMode                          
0     003f309d  _CLK_enableOsc2                                  
0     003f30a3  _CLK_enableOsc1HaltMode                          
0     003f30a9  _CLK_enableOsc1                                  
0     003f30af  _CLK_enableI2cClock                              
0     003f30b6  _CLK_enableHrPwmClock                            
0     003f30bd  _CLK_enableGpioInputClock                        
0     003f30c4  _CLK_enableEcap1Clock                            
0     003f30cb  _CLK_enableCrystalOsc                            
0     003f30d1  _CLK_enableCpuTimerClock                         
0     003f30d7  _CLK_enableCompClock                             
0     003f30dd  _CLK_enableClkIn                                 
0     003f30e3  _CLK_enableAdcClock                              
0     003f30ea  _CLK_disableWatchDogHaltMode                     
0     003f30f0  _CLK_disableTbClockSync                          
0     003f30f7  _CLK_disableSpiaClock                            
0     003f30fe  _CLK_disableSciaClock                            
0     003f3105  _CLK_disablePwmClock                             
0     003f310f  _CLK_disableOsc2HaltMode                         
0     003f3115  _CLK_disableOsc2                                 
0     003f311b  _CLK_disableOsc1HaltMode                         
0     003f3121  _CLK_disableOsc1                                 
0     003f3127  _CLK_disableI2cClock                             
0     003f312e  _CLK_disableHrPwmClock                           
0     003f3135  _CLK_disableGpioInputClock                       
0     003f313c  _CLK_disableEcap1Clock                           
0     003f3143  _CLK_disableCrystalOsc                           
0     003f3149  _CLK_disableCpuTimerClock                        
0     003f3150  _CLK_disableCompClock                            
0     003f3154  _CLK_disableClkIn                                
0     003f315a  _CLK_disableAdcClock                             
0     003f3161  _PIE_unregisterSystemIntHandler                  
0     003f316e  _PIE_unregisterPieIntHandler                     
0     003f3181  _PIE_setExtIntPolarity                           
0     003f3192  _PIE_setDefaultIntVectorTable                    
0     003f319d  _PIE_registerSystemIntHandler                    
0     003f31a8  _PIE_registerPieIntHandler                       
0     003f31b9  _PIE_init                                        
0     003f31c1  _PIE_getIntFlags                                 
0     003f31c8  _PIE_getIntEnables                               
0     003f31cf  _PIE_getExtIntCount                              
0     003f31d7  _PIE_forceInt                                    
0     003f31e0  _PIE_enableTimer0Int                             
0     003f31e3  _PIE_enablePwmTzInt                              
0     003f31e8  _PIE_enablePwmInt                                
0     003f31ed  _PIE_enableInt                                   
0     003f31f6  _PIE_enableExtInt                                
0     003f3212  _PIE_enableCaptureInt                            
0     003f3216  _PIE_enableAdcInt                                
0     003f3232  _PIE_enable                                      
0     003f3235  _PIE_disableInt                                  
0     003f323f  _PIE_disableExtInt                               
0     003f3248  _PIE_disableCaptureInt                           
0     003f324c  _PIE_disableAllInts                              
0     003f3253  _PIE_disable                                     
0     003f3256  _PIE_clearAllInts                                
0     003f3259  _PIE_clearAllFlags                               
0     003f3260  _mainISR                                         
0     003f3312  _SPI_setTxFifoIntLevel                           
0     003f3319  _SPI_setTxDelay                                  
0     003f331c  _SPI_setTriWire                                  
0     003f3323  _SPI_setSuspend                                  
0     003f332a  _SPI_setSteInv                                   
0     003f3331  _SPI_setRxFifoIntLevel                           
0     003f3338  _SPI_setPriority                                 
0     003f333f  _SPI_setMode                                     
0     003f3341  _SPI_setClkPolarity                              
0     003f3345  _SPI_setClkPhase                                 
0     003f3347  _SPI_setCharLength                               
0     003f334b  _SPI_setBaudRate                                 
0     003f334d  _SPI_resetTxFifo                                 
0     003f3351  _SPI_resetRxFifo                                 
0     003f3355  _SPI_resetChannels                               
0     003f3359  _SPI_reset                                       
0     003f335c  _SPI_init                                        
0     003f3362  _SPI_getTxFifoStatus                             
0     003f3366  _SPI_getTxBufferStatus                           
0     003f3369  _SPI_getRxFifoStatus                             
0     003f336d  _SPI_getIntFlagStatus                            
0     003f3370  _SPI_enableTxFifoInt                             
0     003f3374  _SPI_enableTxFifoEnh                             
0     003f3378  _SPI_enableTxFifo                                
0     003f337c  _SPI_enableTx                                    
0     003f337f  _SPI_enableRxFifoInt                             
0     003f3383  _SPI_enableRxFifo                                
0     003f3387  _SPI_enableOverRunInt                            
0     003f338a  _SPI_enableLoopBack                              
0     003f338d  _SPI_enableInt                                   
0     003f3390  _SPI_enableChannels                              
0     003f3394  _SPI_enable                                      
0     003f3397  _SPI_disableTxFifoInt                            
0     003f339b  _SPI_disableTxFifoEnh                            
0     003f339f  _SPI_disableTx                                   
0     003f33a2  _SPI_disableRxFifoInt                            
0     003f33a6  _SPI_disableOverRunInt                           
0     003f33a9  _SPI_disableLoopBack                             
0     003f33ac  _SPI_disableInt                                  
0     003f33af  _SPI_clearTxFifoInt                              
0     003f33b3  _SPI_clearRxFifoOvf                              
0     003f33b7  _SPI_clearRxFifoInt                              
0     003f33bb  _main                                            
0     003f342f  _ceil                                            
0     003f342f  _ceilf                                           
0     003f3498  _PLL_setLockPeriod                               
0     003f349d  _PLL_setDivideSelect                             
0     003f34a4  _PLL_setClkFreq                                  
0     003f34aa  _PLL_resetClkDetect                              
0     003f34b0  _PLL_init                                        
0     003f34b6  _PLL_getLockStatus                               
0     003f34b9  _PLL_getDivideSelect                             
0     003f34bc  _PLL_getClkStatus                                
0     003f34bf  _PLL_getClkFreq                                  
0     003f34c3  _PLL_enableOsc                                   
0     003f34c9  _PLL_enableNormRdy                               
0     003f34cf  _PLL_enableClkDetect                             
0     003f34d5  _PLL_enable                                      
0     003f34db  _PLL_disableOsc                                  
0     003f34e1  _PLL_disableNormRdy                              
0     003f34e7  _PLL_disableClkDetect                            
0     003f34ed  _PLL_disable                                     
0     003f34f3  _c_int00                                         
0     003f3547  _WDOG_setPreScaler                               
0     003f3551  _WDOG_setCount                                   
0     003f3553  _WDOG_init                                       
0     003f3559  _WDOG_getIntStatus                               
0     003f355c  _WDOG_enableOverRide                             
0     003f3562  _WDOG_enableInt                                  
0     003f3568  _WDOG_enable                                     
0     003f3571  _WDOG_disableOverRide                            
0     003f3577  _WDOG_disableInt                                 
0     003f357d  _WDOG_disable                                    
0     003f3585  _WDOG_clearCounter                               
0     003f358d  _PWR_setNumStandByClocks                         
0     003f359e  _PWR_setLowPowerMode                             
0     003f35af  _PWR_init                                        
0     003f35b7  _PWR_enableWatchDogInt                           
0     003f35c1  _PWR_enableBrownOutReset                         
0     003f35c4  _PWR_disableWatchDogInt                          
0     003f35ce  _PWR_disableBrownOutReset                        
0     003f35d1  _TIMER_setPreScaler                              
0     003f35df  _TIMER_setEmulationMode                          
0     003f35e3  _TIMER_setDecimationFactor                       
0     003f35f1  _TIMER_init                                      
0     003f35f7  _TIMER_getStatus                                 
0     003f35fa  _TIMER_enableInt                                 
0     003f35fd  _TIMER_disableInt                                
0     003f3600  _TIMER_clearFlag                                 
0     003f3603  _OSC_setTrim                                     
0     003f360c  _OSC_setFineTrim                                 
0     003f361d  _OSC_setCoarseTrim                               
0     003f362a  _OSC_init                                        
0     003f3630  L$$DIV                                           
0     003f363f  L$$MOD                                           
0     003f364d  UL$$DIV                                          
0     003f3654  UL$$MOD                                          
0     003f365a  C$$EXIT                                          
0     003f365a  _abort                                           
0     003f365c  _exit                                            
0     003f3683  _CPU_init                                        
0     003f3687  _CPU_enableProtectedRegisterWrite                
0     003f368a  _CPU_enableInt                                   
0     003f368e  _CPU_enableGlobalInts                            
0     003f3691  _CPU_enableDebugInt                              
0     003f3694  _CPU_disableProtectedRegisterWrite               
0     003f3697  _CPU_disableInts                                 
0     003f369a  _CPU_disableInt                                  
0     003f369f  _CPU_disableGlobalInts                           
0     003f36a2  _CPU_disableDebugInt                             
0     003f36a5  _CPU_clearIntFlags                               
0     003f36a8  _copy_in                                         
0     003f36cc  FS$$TOUL                                         
0     003f36ed  _FLASH_init                                      
0     003f36f3  _FLASH_getStandbyWaitStatus                      
0     003f36f7  _FLASH_getStandbyWaitCount                       
0     003f36fa  _FLASH_getPowerMode                              
0     003f36fd  _FLASH_getActiveWaitStatus                       
0     003f3701  _FLASH_getActiveWaitCount                        
0     003f3704  _FLASH_get3VStatus                               
0     003f3707  _FLASH_clear3VStatus                             
0     003f370d  FS$$TOU                                          
0     003f372a  _memcpy                                          
0     003f3747  __args_main                                      
0     003f3760  _memCopy                                         
0     003f376f  __register_unlock                                
0     003f3773  __register_lock                                  
0     003f3777  __nop                                            
0     003f3780  _PIE_illegalIsr                                  
0     003f3785  __system_pre_init                                
0     003f3787  __system_post_cinit                              
0     003f3788  _RamfuncsLoadStart                               
0     003f3788  ___etext__                                       
0     003f3788  etext                                            
0     003f37dc  _RamfuncsLoadEnd                                 
0     003f37dc  ___cinit__                                       
0     003f37dc  cinit                                            
0     003f7ff6  code_start                                       
1     00000000  _halHandle                                       
1     00000002  _gLEDcnt                                         
1     00000004  _gPwmData                                        
1     0000000a  _gAdcData                                        
1     00000040  _gDrvSpi8305Vars                                 
1     000000c0  _gMotorVars                                      
1     00000140  _gUserParams                                     
1     000001ec  ___TI_enable_exit_profile_output                 
1     000001ee  ___TI_cleanup_ptr                                
1     000001f0  ___TI_dtors_ptr                                  
1     000001f2  __lock                                           
1     000001f4  __unlock                                         
1     000001f8  _cpu                                             
1     000001fa  __stack                                          
1     0000037a  __STACK_END                                      
1     00000380  _hal                                             
abs   00000180  __STACK_SIZE                                     
abs   003fc000  _EST_getState                                    
abs   003fc002  _EST_useZeroIq_ref                               
abs   003fc05a  _EST_resetCounter_state                          
abs   003fc05e  _EST_isMotorIdentified                           
abs   003fc062  _EST_getFullScaleCurrent                         
abs   003fc08e  _EST_getFullScaleVoltage                         
abs   003fc092  _EST_computeDirection_qFmt                       
abs   003fc0f8  _EST_updateState                                 
abs   003fc3da  _EST_updateId_ref_pu                             
abs   003fc3e2  _EST_setWaitTimes                                
abs   003fc3fd  _EST_setRs_pu                                    
abs   003fc4bb  _EST_setMotorParams                              
abs   003fc4cc  _EST_setLs_q_pu                                  
abs   003fc4d1  _EST_getFullScaleInductance                      
abs   003fc4d6  _EST_setLs_qFmt                                  
abs   003fc52a  _EST_setLs_d_pu                                  
abs   003fc548  _EST_setIq_ref_pu                                
abs   003fc54c  _EST_setIdle_all                                 
abs   003fc55f  _EST_setIdle                                     
abs   003fc565  _EST_setId_ref_pu                                
abs   003fc569  _EST_setIdRated_pu                               
abs   003fc56f  _EST_setFullScaleVoltage                         
abs   003fc573  _EST_setFullScaleResistance                      
abs   003fc58b  _EST_setFullScaleFreq                            
abs   003fc594  _EST_setFullScaleCurrent                         
abs   003fc5b0  _EST_setFlag_updateRs                            
abs   003fc5b4  _EST_setFlag_estComplete                         
abs   003fc5b8  _EST_setFlag_enableRsRecalc                      
abs   003fc5bc  _EST_setFlag_enableRsOnLine                      
abs   003fc5c5  _EST_setFlag_enableFluxControl                   
abs   003fc5ed  _EST_resetCounter_ctrl                           
abs   003fc5f2  _EST_getAngle_pu                                 
abs   003fcc5c  _EST_getFullScaleFreq                            
abs   003fcc60  _EST_run                                         
abs   003fcd5d  _EST_isOnLine                                    
abs   003fcd64  _EST_isLockRotor                                 
abs   003fcd6b  _EST_isIdle                                      
abs   003fcd72  _EST_isError                                     
abs   003fce3d  _EST_get_krpm_to_pu_sf                           
abs   003fcef8  _EST_getRs_Ohm                                   
abs   003fcf98  _EST_getOneOverDcBus_pu                          
abs   003fcfae  _EST_getLs_q_pu                                  
abs   003fcfb3  _EST_getLs_q_H                                   
abs   003fcfd5  _EST_getLs_d_pu                                  
abs   003fcfda  _EST_getLs_d_H                                   
abs   003fcfe4  _EST_getLs_coarse_max_pu                         
abs   003fd034  _EST_getIab_pu                                   
abs   003fd043  _EST_getFullScaleFlux                            
abs   003fd073  _EST_getFm_pu                                    
abs   003fd090  _EST_getFlux_pu                                  
abs   003fd0ff  _EST_genOutputLimits_Pid_Iq                      
abs   003fd129  _EST_genOutputLimits_Pid_Id                      
abs   003fd13d  _EST_doSpeedCtrl                                 
abs   003fd145  _EST_doCurrentCtrl                               
abs   003fd14d  _EST_computeR                                    
abs   003fd16d  _EST_computeL                                    
abs   003fd1af  _EST_TRAJ_setParams                              
abs   003fd1be  _EST_I_setParams                                 
abs   003fd1e8  _EST_EPL_setParams                               
abs   003fd237  _EST_Ls_setWaitTimes                             
abs   003fd247  _EST_Ls_setParams                                
abs   003fd284  _EST_Ls_setLs_q                                  
abs   003fd2b6  _EST_Ls_setLs_d                                  
abs   003fd3a8  _EST_Ls_getLs_d                                  
abs   003fd41e  _EST_Flux_setWaitTimes                           
abs   003fd42e  _EST_Flux_setParams                              
abs   003fd49c  _EST_Flux_getRatedFlux_pu                        
abs   003fd514  _EST_Flux_computeOneOverFlux_qFmt                
abs   003fd54d  _EST_RsOnLine_setParams                          
abs   003fd57d  _EST_RsOnLine_setFilterParams                    
abs   003fd6b3  _EST_Rs_setWaitTimes                             
abs   003fd6c3  _EST_Rs_setRs                                    
abs   003fd725  _EST_Rs_setParams                                
abs   003fd767  _EST_Rs_getRs                                    
abs   003fd788  _EST_Rr_setRr                                    
abs   003fd7e9  _EST_Rr_setParams                                
abs   003fd89a  _OFFSET_setOffset                                
abs   003fd89c  _OFFSET_setInitCond                              
abs   003fd8ad  _OFFSET_setBeta                                  
abs   003fd8c3  _OFFSET_init                                     
abs   003fd922  _EST_Dir_setParams                               
abs   003fd95c  _EST_Freq_setParams                              
abs   003fd9b0  _EST_Flux_ab_setParams                           
abs   003fd9cc  _EST_Iab_setParams                               
abs   003fd9e5  _EST_Angle_setParams                             
abs   003fd9fb  _EST_Vdq_setParams                               
abs   003fda0d  _EST_OneOverDcBus_setParams                      
abs   003fda1e  _EST_Idq_setParams                               
abs   003fda3b  _EST_Flux_dq_setParams                           
abs   003fda47  _EST_Vback_ab_setParams                          
abs   003fda53  _EST_Vab_setParams                               
abs   003fda5e  _EST_Vback_dq_setParams                          
abs   003fda88  _log                                             
abs   003fdc5e  FD$$MPY                                          
abs   003fdce1  FS$$DIV                                          
abs   003fdd64  _pow                                             
abs   003fdde7  FS$$MPY                                          
abs   003fdeb8  FS$$ADD                                          
abs   003fdf2b  FS$$CMP                                          
abs   003fdf7b  FD$$TOL                                          
abs   003fdfb7  FS$$TOFD                                         
abs   003ff82b  __IQ24sinPU                                      
abs   003ff854  __IQ24cosPU                                      
abs   003ff87b  __IQ29rsmpy                                      
abs   003ff8aa  UL$$TOFS                                         
abs   003ff8bd  U$$TOFS                                          
abs   003fff0e  FS$$TOI                                          
abs   003fff33  I$$TOFS                                          
abs   003fff4d  FS$$NEG                                          
abs   003fff52  __IQ30rsmpy                                      
abs   003fff7b  __IQ30toF                                        
abs   003fff8f  __IQ24rmpy                                       
abs   ffffffff  ___TI_pprof_out_hndl                             
abs   ffffffff  ___TI_prof_data_size                             
abs   ffffffff  ___TI_prof_data_start                            
abs   ffffffff  ___binit__                                       
abs   ffffffff  ___c_args__                                      
abs   ffffffff  ___pinit__                                       
abs   ffffffff  binit                                            
abs   ffffffff  pinit                                            

[646 symbols]
