<?xml version="1.0"?>
<link_info>
   <banner>TMS320C2000 Linker PC v16.9.1.LTS</banner>
   <copyright>Copyright (c) 1996-2015 Texas Instruments Incorporated</copyright>
   <link_time>0x5877e7de</link_time>
   <link_errors>0x0</link_errors>
   <output_file>Example_F2802xSci_echoback.out</output_file>
   <entry_point>
      <name>code_start</name>
      <address>0x0</address>
   </entry_point>
   <input_file_list>
      <input_file id="fl-2">
         <path>.\</path>
         <kind>object</kind>
         <file>Example_2802xSci_Echoback.obj</file>
         <name>Example_2802xSci_Echoback.obj</name>
      </input_file>
      <input_file id="fl-a">
         <path>C:\ti\controlSUITE\device_support\f2802x\v222\f2802x_common\lib\</path>
         <kind>archive</kind>
         <file>driverlib.lib</file>
         <name>wdog.obj</name>
      </input_file>
      <input_file id="fl-b">
         <path>C:\ti\controlSUITE\device_support\f2802x\v222\f2802x_common\lib\</path>
         <kind>archive</kind>
         <file>driverlib.lib</file>
         <name>sci.obj</name>
      </input_file>
      <input_file id="fl-c">
         <path>C:\ti\controlSUITE\device_support\f2802x\v222\f2802x_common\lib\</path>
         <kind>archive</kind>
         <file>driverlib.lib</file>
         <name>pll.obj</name>
      </input_file>
      <input_file id="fl-d">
         <path>C:\ti\controlSUITE\device_support\f2802x\v222\f2802x_common\lib\</path>
         <kind>archive</kind>
         <file>driverlib.lib</file>
         <name>pie.obj</name>
      </input_file>
      <input_file id="fl-e">
         <path>C:\ti\controlSUITE\device_support\f2802x\v222\f2802x_common\lib\</path>
         <kind>archive</kind>
         <file>driverlib.lib</file>
         <name>gpio.obj</name>
      </input_file>
      <input_file id="fl-f">
         <path>C:\ti\controlSUITE\device_support\f2802x\v222\f2802x_common\lib\</path>
         <kind>archive</kind>
         <file>driverlib.lib</file>
         <name>flash.obj</name>
      </input_file>
      <input_file id="fl-10">
         <path>C:\ti\controlSUITE\device_support\f2802x\v222\f2802x_common\lib\</path>
         <kind>archive</kind>
         <file>driverlib.lib</file>
         <name>cpu.obj</name>
      </input_file>
      <input_file id="fl-11">
         <path>C:\ti\controlSUITE\device_support\f2802x\v222\f2802x_common\lib\</path>
         <kind>archive</kind>
         <file>driverlib.lib</file>
         <name>clk.obj</name>
      </input_file>
      <input_file id="fl-12">
         <path>C:\ti\controlSUITE\device_support\f2802x\v222\f2802x_common\lib\</path>
         <kind>archive</kind>
         <file>driverlib.lib</file>
         <name>adc.obj</name>
      </input_file>
      <input_file id="fl-13">
         <path>C:\ti\controlSUITE\device_support\f2802x\v222\f2802x_common\lib\</path>
         <kind>archive</kind>
         <file>driverlib.lib</file>
         <name>F2802xX_asmfuncs.obj</name>
      </input_file>
      <input_file id="fl-14">
         <path>C:\ti\controlSUITE\device_support\f2802x\v222\f2802x_common\lib\</path>
         <kind>archive</kind>
         <file>driverlib.lib</file>
         <name>F2802xX_DefaultIsr.obj</name>
      </input_file>
      <input_file id="fl-15">
         <path>C:\ti\ccsv7\tools\compiler\ti-cgt-c2000_16.9.1.LTS\lib\</path>
         <kind>archive</kind>
         <file>rts2800_ml.lib</file>
         <name>boot28.obj</name>
      </input_file>
      <input_file id="fl-16">
         <path>C:\ti\ccsv7\tools\compiler\ti-cgt-c2000_16.9.1.LTS\lib\</path>
         <kind>archive</kind>
         <file>rts2800_ml.lib</file>
         <name>cpy_tbl.obj</name>
      </input_file>
      <input_file id="fl-17">
         <path>C:\ti\ccsv7\tools\compiler\ti-cgt-c2000_16.9.1.LTS\lib\</path>
         <kind>archive</kind>
         <file>rts2800_ml.lib</file>
         <name>exit.obj</name>
      </input_file>
      <input_file id="fl-18">
         <path>C:\ti\ccsv7\tools\compiler\ti-cgt-c2000_16.9.1.LTS\lib\</path>
         <kind>archive</kind>
         <file>rts2800_ml.lib</file>
         <name>memcpy.obj</name>
      </input_file>
      <input_file id="fl-19">
         <path>C:\ti\ccsv7\tools\compiler\ti-cgt-c2000_16.9.1.LTS\lib\</path>
         <kind>archive</kind>
         <file>rts2800_ml.lib</file>
         <name>pre_init.obj</name>
      </input_file>
      <input_file id="fl-1a">
         <path>C:\ti\ccsv7\tools\compiler\ti-cgt-c2000_16.9.1.LTS\lib\</path>
         <kind>archive</kind>
         <file>rts2800_ml.lib</file>
         <name>startup.obj</name>
      </input_file>
      <input_file id="fl-1b">
         <path>C:\ti\ccsv7\tools\compiler\ti-cgt-c2000_16.9.1.LTS\lib\</path>
         <kind>archive</kind>
         <file>rts2800_ml.lib</file>
         <name>_lock.obj</name>
      </input_file>
      <input_file id="fl-1c">
         <path>C:\ti\ccsv7\tools\compiler\ti-cgt-c2000_16.9.1.LTS\lib\</path>
         <kind>archive</kind>
         <file>rts2800_ml.lib</file>
         <name>args_main.obj</name>
      </input_file>
   </input_file_list>
   <object_component_list>
      <object_component id="oc-33">
         <name>codestart</name>
         <load_address>0x0</load_address>
         <run_address>0x0</run_address>
         <size>0x2</size>
         <input_file_ref idref="fl-13"/>
      </object_component>
      <object_component id="oc-61">
         <name>ramfuncs</name>
         <load_address>0x8166</load_address>
         <run_address>0x8166</run_address>
         <size>0x4</size>
         <input_file_ref idref="fl-13"/>
      </object_component>
      <object_component id="oc-9b">
         <name>.text</name>
         <load_address>0x6a</load_address>
         <run_address>0x6a</run_address>
         <size>0x14d</size>
         <input_file_ref idref="fl-2"/>
      </object_component>
      <object_component id="oc-69">
         <name>.text</name>
         <load_address>0x1b7</load_address>
         <run_address>0x1b7</run_address>
         <size>0x54</size>
         <input_file_ref idref="fl-15"/>
      </object_component>
      <object_component id="oc-b1">
         <name>.text:_GPIO_setMode</name>
         <load_address>0x20b</load_address>
         <run_address>0x20b</run_address>
         <size>0x49</size>
         <input_file_ref idref="fl-e"/>
      </object_component>
      <object_component id="oc-af">
         <name>.text:_GPIO_setPullUp</name>
         <load_address>0x254</load_address>
         <run_address>0x254</run_address>
         <size>0x34</size>
         <input_file_ref idref="fl-e"/>
      </object_component>
      <object_component id="oc-b0">
         <name>.text:_GPIO_setQualification</name>
         <load_address>0x288</load_address>
         <run_address>0x288</run_address>
         <size>0x2b</size>
         <input_file_ref idref="fl-e"/>
      </object_component>
      <object_component id="oc-99">
         <name>.text</name>
         <load_address>0x2b3</load_address>
         <run_address>0x2b3</run_address>
         <size>0x29</size>
         <input_file_ref idref="fl-17"/>
      </object_component>
      <object_component id="oc-96">
         <name>.text</name>
         <load_address>0x2dc</load_address>
         <run_address>0x2dc</run_address>
         <size>0x24</size>
         <input_file_ref idref="fl-16"/>
      </object_component>
      <object_component id="oc-9a">
         <name>.text</name>
         <load_address>0x300</load_address>
         <run_address>0x300</run_address>
         <size>0x1d</size>
         <input_file_ref idref="fl-18"/>
      </object_component>
      <object_component id="oc-98">
         <name>.text</name>
         <load_address>0x31d</load_address>
         <run_address>0x31d</run_address>
         <size>0x19</size>
         <input_file_ref idref="fl-1c"/>
      </object_component>
      <object_component id="oc-aa">
         <name>.text:_PLL_setup</name>
         <load_address>0x336</load_address>
         <run_address>0x336</run_address>
         <size>0x15</size>
         <input_file_ref idref="fl-c"/>
      </object_component>
      <object_component id="oc-60">
         <name>.text</name>
         <load_address>0x34b</load_address>
         <run_address>0x34b</run_address>
         <size>0x12</size>
         <input_file_ref idref="fl-13"/>
      </object_component>
      <object_component id="oc-ac">
         <name>.text:_PIE_disableAllInts</name>
         <load_address>0x35d</load_address>
         <run_address>0x35d</run_address>
         <size>0xf</size>
         <input_file_ref idref="fl-d"/>
      </object_component>
      <object_component id="oc-b2">
         <name>.text:_PIE_setDebugIntVectorTable</name>
         <load_address>0x36c</load_address>
         <run_address>0x36c</run_address>
         <size>0xf</size>
         <input_file_ref idref="fl-d"/>
      </object_component>
      <object_component id="oc-c4">
         <name>.text:_SCI_resetChannels</name>
         <load_address>0x37b</load_address>
         <run_address>0x37b</run_address>
         <size>0xa</size>
         <input_file_ref idref="fl-b"/>
      </object_component>
      <object_component id="oc-c6">
         <name>.text:_SCI_resetRxFifo</name>
         <load_address>0x385</load_address>
         <run_address>0x385</run_address>
         <size>0xa</size>
         <input_file_ref idref="fl-b"/>
      </object_component>
      <object_component id="oc-c2">
         <name>.text:_SCI_resetTxFifo</name>
         <load_address>0x38f</load_address>
         <run_address>0x38f</run_address>
         <size>0xa</size>
         <input_file_ref idref="fl-b"/>
      </object_component>
      <object_component id="oc-b5">
         <name>.text:_CLK_enableSciaClock</name>
         <load_address>0x399</load_address>
         <run_address>0x399</run_address>
         <size>0x9</size>
         <input_file_ref idref="fl-11"/>
      </object_component>
      <object_component id="oc-c0">
         <name>.text:_SCI_putDataBlocking</name>
         <load_address>0x3a2</load_address>
         <run_address>0x3a2</run_address>
         <size>0x9</size>
         <input_file_ref idref="fl-b"/>
      </object_component>
      <object_component id="oc-c9">
         <name>.text</name>
         <load_address>0x3ab</load_address>
         <run_address>0x3ab</run_address>
         <size>0x9</size>
         <input_file_ref idref="fl-1b"/>
      </object_component>
      <object_component id="oc-9e">
         <name>.text:_ADC_init</name>
         <load_address>0x3b4</load_address>
         <run_address>0x3b4</run_address>
         <size>0x8</size>
         <input_file_ref idref="fl-12"/>
      </object_component>
      <object_component id="oc-a3">
         <name>.text:_PIE_init</name>
         <load_address>0x3bc</load_address>
         <run_address>0x3bc</run_address>
         <size>0x8</size>
         <input_file_ref idref="fl-d"/>
      </object_component>
      <object_component id="oc-a7">
         <name>.text:_WDOG_disable</name>
         <load_address>0x3c4</load_address>
         <run_address>0x3c4</run_address>
         <size>0x8</size>
         <input_file_ref idref="fl-a"/>
      </object_component>
      <object_component id="oc-a8">
         <name>.text:_CLK_enableAdcClock</name>
         <load_address>0x3cc</load_address>
         <run_address>0x3cc</run_address>
         <size>0x7</size>
         <input_file_ref idref="fl-11"/>
      </object_component>
      <object_component id="oc-9f">
         <name>.text:_CLK_init</name>
         <load_address>0x3d3</load_address>
         <run_address>0x3d3</run_address>
         <size>0x7</size>
         <input_file_ref idref="fl-11"/>
      </object_component>
      <object_component id="oc-a9">
         <name>.text:_CLK_setOscSrc</name>
         <load_address>0x3da</load_address>
         <run_address>0x3da</run_address>
         <size>0x7</size>
         <input_file_ref idref="fl-11"/>
      </object_component>
      <object_component id="oc-a1">
         <name>.text:_FLASH_init</name>
         <load_address>0x3e1</load_address>
         <run_address>0x3e1</run_address>
         <size>0x7</size>
         <input_file_ref idref="fl-f"/>
      </object_component>
      <object_component id="oc-a2">
         <name>.text:_GPIO_init</name>
         <load_address>0x3e8</load_address>
         <run_address>0x3e8</run_address>
         <size>0x7</size>
         <input_file_ref idref="fl-e"/>
      </object_component>
      <object_component id="oc-a4">
         <name>.text:_PLL_init</name>
         <load_address>0x3ef</load_address>
         <run_address>0x3ef</run_address>
         <size>0x7</size>
         <input_file_ref idref="fl-c"/>
      </object_component>
      <object_component id="oc-cc">
         <name>.text:_PLL_setDivider</name>
         <load_address>0x3f6</load_address>
         <run_address>0x3f6</run_address>
         <size>0x7</size>
         <input_file_ref idref="fl-c"/>
      </object_component>
      <object_component id="oc-ae">
         <name>.text:_CPU_clearIntFlags</name>
         <load_address>0x3fd</load_address>
         <run_address>0x3fd</run_address>
         <size>0x3</size>
         <input_file_ref idref="fl-10"/>
      </object_component>
      <object_component id="oc-a5">
         <name>.text:_SCI_init</name>
         <load_address>0x8000</load_address>
         <run_address>0x8000</run_address>
         <size>0x7</size>
         <input_file_ref idref="fl-b"/>
      </object_component>
      <object_component id="oc-c8">
         <name>.text:_SCI_setRxFifoIntLevel</name>
         <load_address>0x8007</load_address>
         <run_address>0x8007</run_address>
         <size>0x7</size>
         <input_file_ref idref="fl-b"/>
      </object_component>
      <object_component id="oc-c5">
         <name>.text:_SCI_setTxFifoIntLevel</name>
         <load_address>0x800e</load_address>
         <run_address>0x800e</run_address>
         <size>0x7</size>
         <input_file_ref idref="fl-b"/>
      </object_component>
      <object_component id="oc-a6">
         <name>.text:_WDOG_init</name>
         <load_address>0x8015</load_address>
         <run_address>0x8015</run_address>
         <size>0x7</size>
         <input_file_ref idref="fl-a"/>
      </object_component>
      <object_component id="oc-cd">
         <name>.text:_PLL_setMultiplier</name>
         <load_address>0x801c</load_address>
         <run_address>0x801c</run_address>
         <size>0x6</size>
         <input_file_ref idref="fl-c"/>
      </object_component>
      <object_component id="oc-bd">
         <name>.text:_SCI_setBaudRate</name>
         <load_address>0x8022</load_address>
         <run_address>0x8022</run_address>
         <size>0x6</size>
         <input_file_ref idref="fl-b"/>
      </object_component>
      <object_component id="oc-e5">
         <name>.text:_ADCINT1_ISR</name>
         <load_address>0x8028</load_address>
         <run_address>0x8028</run_address>
         <size>0x5</size>
         <input_file_ref idref="fl-14"/>
      </object_component>
      <object_component id="oc-e6">
         <name>.text:_ADCINT2_ISR</name>
         <load_address>0x802d</load_address>
         <run_address>0x802d</run_address>
         <size>0x5</size>
         <input_file_ref idref="fl-14"/>
      </object_component>
      <object_component id="oc-fc">
         <name>.text:_ADCINT3_ISR</name>
         <load_address>0x8032</load_address>
         <run_address>0x8032</run_address>
         <size>0x5</size>
         <input_file_ref idref="fl-14"/>
      </object_component>
      <object_component id="oc-fd">
         <name>.text:_ADCINT4_ISR</name>
         <load_address>0x8037</load_address>
         <run_address>0x8037</run_address>
         <size>0x5</size>
         <input_file_ref idref="fl-14"/>
      </object_component>
      <object_component id="oc-fe">
         <name>.text:_ADCINT5_ISR</name>
         <load_address>0x803c</load_address>
         <run_address>0x803c</run_address>
         <size>0x5</size>
         <input_file_ref idref="fl-14"/>
      </object_component>
      <object_component id="oc-ff">
         <name>.text:_ADCINT6_ISR</name>
         <load_address>0x8041</load_address>
         <run_address>0x8041</run_address>
         <size>0x5</size>
         <input_file_ref idref="fl-14"/>
      </object_component>
      <object_component id="oc-100">
         <name>.text:_ADCINT7_ISR</name>
         <load_address>0x8046</load_address>
         <run_address>0x8046</run_address>
         <size>0x5</size>
         <input_file_ref idref="fl-14"/>
      </object_component>
      <object_component id="oc-101">
         <name>.text:_ADCINT8_ISR</name>
         <load_address>0x804b</load_address>
         <run_address>0x804b</run_address>
         <size>0x5</size>
         <input_file_ref idref="fl-14"/>
      </object_component>
      <object_component id="oc-ea">
         <name>.text:_ADCINT9_ISR</name>
         <load_address>0x8050</load_address>
         <run_address>0x8050</run_address>
         <size>0x5</size>
         <input_file_ref idref="fl-14"/>
      </object_component>
      <object_component id="oc-d4">
         <name>.text:_DATALOG_ISR</name>
         <load_address>0x8055</load_address>
         <run_address>0x8055</run_address>
         <size>0x5</size>
         <input_file_ref idref="fl-14"/>
      </object_component>
      <object_component id="oc-f5">
         <name>.text:_ECAP1_INT_ISR</name>
         <load_address>0x805a</load_address>
         <run_address>0x805a</run_address>
         <size>0x5</size>
         <input_file_ref idref="fl-14"/>
      </object_component>
      <object_component id="oc-d6">
         <name>.text:_EMUINT_ISR</name>
         <load_address>0x805f</load_address>
         <run_address>0x805f</run_address>
         <size>0x5</size>
         <input_file_ref idref="fl-14"/>
      </object_component>
      <object_component id="oc-f1">
         <name>.text:_EPWM1_INT_ISR</name>
         <load_address>0x8064</load_address>
         <run_address>0x8064</run_address>
         <size>0x5</size>
         <input_file_ref idref="fl-14"/>
      </object_component>
      <object_component id="oc-ed">
         <name>.text:_EPWM1_TZINT_ISR</name>
         <load_address>0x8069</load_address>
         <run_address>0x8069</run_address>
         <size>0x5</size>
         <input_file_ref idref="fl-14"/>
      </object_component>
      <object_component id="oc-f2">
         <name>.text:_EPWM2_INT_ISR</name>
         <load_address>0x806e</load_address>
         <run_address>0x806e</run_address>
         <size>0x5</size>
         <input_file_ref idref="fl-14"/>
      </object_component>
      <object_component id="oc-ee">
         <name>.text:_EPWM2_TZINT_ISR</name>
         <load_address>0x8073</load_address>
         <run_address>0x8073</run_address>
         <size>0x5</size>
         <input_file_ref idref="fl-14"/>
      </object_component>
      <object_component id="oc-f3">
         <name>.text:_EPWM3_INT_ISR</name>
         <load_address>0x8078</load_address>
         <run_address>0x8078</run_address>
         <size>0x5</size>
         <input_file_ref idref="fl-14"/>
      </object_component>
      <object_component id="oc-ef">
         <name>.text:_EPWM3_TZINT_ISR</name>
         <load_address>0x807d</load_address>
         <run_address>0x807d</run_address>
         <size>0x5</size>
         <input_file_ref idref="fl-14"/>
      </object_component>
      <object_component id="oc-f4">
         <name>.text:_EPWM4_INT_ISR</name>
         <load_address>0x8082</load_address>
         <run_address>0x8082</run_address>
         <size>0x5</size>
         <input_file_ref idref="fl-14"/>
      </object_component>
      <object_component id="oc-f0">
         <name>.text:_EPWM4_TZINT_ISR</name>
         <load_address>0x8087</load_address>
         <run_address>0x8087</run_address>
         <size>0x5</size>
         <input_file_ref idref="fl-14"/>
      </object_component>
      <object_component id="oc-f8">
         <name>.text:_I2CINT1A_ISR</name>
         <load_address>0x808c</load_address>
         <run_address>0x808c</run_address>
         <size>0x5</size>
         <input_file_ref idref="fl-14"/>
      </object_component>
      <object_component id="oc-f9">
         <name>.text:_I2CINT2A_ISR</name>
         <load_address>0x8091</load_address>
         <run_address>0x8091</run_address>
         <size>0x5</size>
         <input_file_ref idref="fl-14"/>
      </object_component>
      <object_component id="oc-d8">
         <name>.text:_ILLEGAL_ISR</name>
         <load_address>0x8096</load_address>
         <run_address>0x8096</run_address>
         <size>0x5</size>
         <input_file_ref idref="fl-14"/>
      </object_component>
      <object_component id="oc-d2">
         <name>.text:_INT13_ISR</name>
         <load_address>0x809b</load_address>
         <run_address>0x809b</run_address>
         <size>0x5</size>
         <input_file_ref idref="fl-14"/>
      </object_component>
      <object_component id="oc-d3">
         <name>.text:_INT14_ISR</name>
         <load_address>0x80a0</load_address>
         <run_address>0x80a0</run_address>
         <size>0x5</size>
         <input_file_ref idref="fl-14"/>
      </object_component>
      <object_component id="oc-d7">
         <name>.text:_NMI_ISR</name>
         <load_address>0x80a5</load_address>
         <run_address>0x80a5</run_address>
         <size>0x5</size>
         <input_file_ref idref="fl-14"/>
      </object_component>
      <object_component id="oc-d1">
         <name>.text:_PIE_RESERVED</name>
         <load_address>0x80aa</load_address>
         <run_address>0x80aa</run_address>
         <size>0x5</size>
         <input_file_ref idref="fl-14"/>
      </object_component>
      <object_component id="oc-d5">
         <name>.text:_RTOSINT_ISR</name>
         <load_address>0x80af</load_address>
         <run_address>0x80af</run_address>
         <size>0x5</size>
         <input_file_ref idref="fl-14"/>
      </object_component>
      <object_component id="oc-fa">
         <name>.text:_SCIRXINTA_ISR</name>
         <load_address>0x80b4</load_address>
         <run_address>0x80b4</run_address>
         <size>0x5</size>
         <input_file_ref idref="fl-14"/>
      </object_component>
      <object_component id="oc-fb">
         <name>.text:_SCITXINTA_ISR</name>
         <load_address>0x80b9</load_address>
         <run_address>0x80b9</run_address>
         <size>0x5</size>
         <input_file_ref idref="fl-14"/>
      </object_component>
      <object_component id="oc-f6">
         <name>.text:_SPIRXINTA_ISR</name>
         <load_address>0x80be</load_address>
         <run_address>0x80be</run_address>
         <size>0x5</size>
         <input_file_ref idref="fl-14"/>
      </object_component>
      <object_component id="oc-f7">
         <name>.text:_SPITXINTA_ISR</name>
         <load_address>0x80c3</load_address>
         <run_address>0x80c3</run_address>
         <size>0x5</size>
         <input_file_ref idref="fl-14"/>
      </object_component>
      <object_component id="oc-eb">
         <name>.text:_TINT0_ISR</name>
         <load_address>0x80c8</load_address>
         <run_address>0x80c8</run_address>
         <size>0x5</size>
         <input_file_ref idref="fl-14"/>
      </object_component>
      <object_component id="oc-e2">
         <name>.text:_USER10_ISR</name>
         <load_address>0x80cd</load_address>
         <run_address>0x80cd</run_address>
         <size>0x5</size>
         <input_file_ref idref="fl-14"/>
      </object_component>
      <object_component id="oc-e3">
         <name>.text:_USER11_ISR</name>
         <load_address>0x80d2</load_address>
         <run_address>0x80d2</run_address>
         <size>0x5</size>
         <input_file_ref idref="fl-14"/>
      </object_component>
      <object_component id="oc-e4">
         <name>.text:_USER12_ISR</name>
         <load_address>0x80d7</load_address>
         <run_address>0x80d7</run_address>
         <size>0x5</size>
         <input_file_ref idref="fl-14"/>
      </object_component>
      <object_component id="oc-d9">
         <name>.text:_USER1_ISR</name>
         <load_address>0x80dc</load_address>
         <run_address>0x80dc</run_address>
         <size>0x5</size>
         <input_file_ref idref="fl-14"/>
      </object_component>
      <object_component id="oc-da">
         <name>.text:_USER2_ISR</name>
         <load_address>0x80e1</load_address>
         <run_address>0x80e1</run_address>
         <size>0x5</size>
         <input_file_ref idref="fl-14"/>
      </object_component>
      <object_component id="oc-db">
         <name>.text:_USER3_ISR</name>
         <load_address>0x80e6</load_address>
         <run_address>0x80e6</run_address>
         <size>0x5</size>
         <input_file_ref idref="fl-14"/>
      </object_component>
      <object_component id="oc-dc">
         <name>.text:_USER4_ISR</name>
         <load_address>0x80eb</load_address>
         <run_address>0x80eb</run_address>
         <size>0x5</size>
         <input_file_ref idref="fl-14"/>
      </object_component>
      <object_component id="oc-dd">
         <name>.text:_USER5_ISR</name>
         <load_address>0x80f0</load_address>
         <run_address>0x80f0</run_address>
         <size>0x5</size>
         <input_file_ref idref="fl-14"/>
      </object_component>
      <object_component id="oc-de">
         <name>.text:_USER6_ISR</name>
         <load_address>0x80f5</load_address>
         <run_address>0x80f5</run_address>
         <size>0x5</size>
         <input_file_ref idref="fl-14"/>
      </object_component>
      <object_component id="oc-df">
         <name>.text:_USER7_ISR</name>
         <load_address>0x80fa</load_address>
         <run_address>0x80fa</run_address>
         <size>0x5</size>
         <input_file_ref idref="fl-14"/>
      </object_component>
      <object_component id="oc-e0">
         <name>.text:_USER8_ISR</name>
         <load_address>0x80ff</load_address>
         <run_address>0x80ff</run_address>
         <size>0x5</size>
         <input_file_ref idref="fl-14"/>
      </object_component>
      <object_component id="oc-e1">
         <name>.text:_USER9_ISR</name>
         <load_address>0x8104</load_address>
         <run_address>0x8104</run_address>
         <size>0x5</size>
         <input_file_ref idref="fl-14"/>
      </object_component>
      <object_component id="oc-ec">
         <name>.text:_WAKEINT_ISR</name>
         <load_address>0x8109</load_address>
         <run_address>0x8109</run_address>
         <size>0x5</size>
         <input_file_ref idref="fl-14"/>
      </object_component>
      <object_component id="oc-e8">
         <name>.text:_XINT1_ISR</name>
         <load_address>0x810e</load_address>
         <run_address>0x810e</run_address>
         <size>0x5</size>
         <input_file_ref idref="fl-14"/>
      </object_component>
      <object_component id="oc-e9">
         <name>.text:_XINT2_ISR</name>
         <load_address>0x8113</load_address>
         <run_address>0x8113</run_address>
         <size>0x5</size>
         <input_file_ref idref="fl-14"/>
      </object_component>
      <object_component id="oc-102">
         <name>.text:_XINT3_ISR</name>
         <load_address>0x8118</load_address>
         <run_address>0x8118</run_address>
         <size>0x5</size>
         <input_file_ref idref="fl-14"/>
      </object_component>
      <object_component id="oc-e7">
         <name>.text:_rsvd_ISR</name>
         <load_address>0x811d</load_address>
         <run_address>0x811d</run_address>
         <size>0x5</size>
         <input_file_ref idref="fl-14"/>
      </object_component>
      <object_component id="oc-a0">
         <name>.text:_CPU_init</name>
         <load_address>0x8122</load_address>
         <run_address>0x8122</run_address>
         <size>0x4</size>
         <input_file_ref idref="fl-10"/>
      </object_component>
      <object_component id="oc-c7">
         <name>.text:_SCI_clearRxFifoInt</name>
         <load_address>0x8126</load_address>
         <run_address>0x8126</run_address>
         <size>0x4</size>
         <input_file_ref idref="fl-b"/>
      </object_component>
      <object_component id="oc-c3">
         <name>.text:_SCI_clearTxFifoInt</name>
         <load_address>0x812a</load_address>
         <run_address>0x812a</run_address>
         <size>0x4</size>
         <input_file_ref idref="fl-b"/>
      </object_component>
      <object_component id="oc-c1">
         <name>.text:_SCI_enableFifoEnh</name>
         <load_address>0x812e</load_address>
         <run_address>0x812e</run_address>
         <size>0x4</size>
         <input_file_ref idref="fl-b"/>
      </object_component>
      <object_component id="oc-b4">
         <name>.text:_SCI_getRxFifoStatus</name>
         <load_address>0x8132</load_address>
         <run_address>0x8132</run_address>
         <size>0x4</size>
         <input_file_ref idref="fl-b"/>
      </object_component>
      <object_component id="oc-bf">
         <name>.text:_SCI_getTxFifoStatus</name>
         <load_address>0x8136</load_address>
         <run_address>0x8136</run_address>
         <size>0x4</size>
         <input_file_ref idref="fl-b"/>
      </object_component>
      <object_component id="oc-b8">
         <name>.text:_SCI_setCharLength</name>
         <load_address>0x813a</load_address>
         <run_address>0x813a</run_address>
         <size>0x4</size>
         <input_file_ref idref="fl-b"/>
      </object_component>
      <object_component id="oc-b7">
         <name>.text:_SCI_setNumStopBits</name>
         <load_address>0x813e</load_address>
         <run_address>0x813e</run_address>
         <size>0x4</size>
         <input_file_ref idref="fl-b"/>
      </object_component>
      <object_component id="oc-ad">
         <name>.text:_CPU_disableGlobalInts</name>
         <load_address>0x8142</load_address>
         <run_address>0x8142</run_address>
         <size>0x3</size>
         <input_file_ref idref="fl-10"/>
      </object_component>
      <object_component id="oc-ab">
         <name>.text:_PIE_disable</name>
         <load_address>0x8145</load_address>
         <run_address>0x8145</run_address>
         <size>0x3</size>
         <input_file_ref idref="fl-d"/>
      </object_component>
      <object_component id="oc-b3">
         <name>.text:_PIE_enable</name>
         <load_address>0x8148</load_address>
         <run_address>0x8148</run_address>
         <size>0x3</size>
         <input_file_ref idref="fl-d"/>
      </object_component>
      <object_component id="oc-cb">
         <name>.text:_PLL_getClkStatus</name>
         <load_address>0x814b</load_address>
         <run_address>0x814b</run_address>
         <size>0x3</size>
         <input_file_ref idref="fl-c"/>
      </object_component>
      <object_component id="oc-ce">
         <name>.text:_PLL_getLockStatus</name>
         <load_address>0x814e</load_address>
         <run_address>0x814e</run_address>
         <size>0x3</size>
         <input_file_ref idref="fl-c"/>
      </object_component>
      <object_component id="oc-b6">
         <name>.text:_SCI_disableParity</name>
         <load_address>0x8151</load_address>
         <run_address>0x8151</run_address>
         <size>0x3</size>
         <input_file_ref idref="fl-b"/>
      </object_component>
      <object_component id="oc-be">
         <name>.text:_SCI_enable</name>
         <load_address>0x8154</load_address>
         <run_address>0x8154</run_address>
         <size>0x3</size>
         <input_file_ref idref="fl-b"/>
      </object_component>
      <object_component id="oc-ba">
         <name>.text:_SCI_enableRx</name>
         <load_address>0x8157</load_address>
         <run_address>0x8157</run_address>
         <size>0x3</size>
         <input_file_ref idref="fl-b"/>
      </object_component>
      <object_component id="oc-bc">
         <name>.text:_SCI_enableRxInt</name>
         <load_address>0x815a</load_address>
         <run_address>0x815a</run_address>
         <size>0x3</size>
         <input_file_ref idref="fl-b"/>
      </object_component>
      <object_component id="oc-b9">
         <name>.text:_SCI_enableTx</name>
         <load_address>0x815d</load_address>
         <run_address>0x815d</run_address>
         <size>0x3</size>
         <input_file_ref idref="fl-b"/>
      </object_component>
      <object_component id="oc-bb">
         <name>.text:_SCI_enableTxInt</name>
         <load_address>0x8160</load_address>
         <run_address>0x8160</run_address>
         <size>0x3</size>
         <input_file_ref idref="fl-b"/>
      </object_component>
      <object_component id="oc-95">
         <name>.text</name>
         <load_address>0x8163</load_address>
         <run_address>0x8163</run_address>
         <size>0x2</size>
         <input_file_ref idref="fl-19"/>
      </object_component>
      <object_component id="oc-97">
         <name>.text</name>
         <load_address>0x8165</load_address>
         <run_address>0x8165</run_address>
         <size>0x1</size>
         <input_file_ref idref="fl-1a"/>
      </object_component>
      <object_component id="oc-76">
         <name>.cinit</name>
         <load_address>0x50</load_address>
         <run_address>0x50</run_address>
         <size>0xe</size>
         <input_file_ref idref="fl-17"/>
      </object_component>
      <object_component id="oc-9d">
         <name>.cinit:__lock</name>
         <load_address>0x5e</load_address>
         <run_address>0x5e</run_address>
         <size>0x5</size>
         <input_file_ref idref="fl-1b"/>
      </object_component>
      <object_component id="oc-ca">
         <name>.cinit:__unlock</name>
         <load_address>0x63</load_address>
         <run_address>0x63</run_address>
         <size>0x5</size>
         <input_file_ref idref="fl-1b"/>
      </object_component>
      <object_component id="oc-6b">
         <name>.reset</name>
         <load_address>0x3fffc0</load_address>
         <run_address>0x3fffc0</run_address>
         <size>0x2</size>
         <input_file_ref idref="fl-15"/>
      </object_component>
      <object_component id="oc-6a">
         <name>.stack</name>
         <uninitialized>true</uninitialized>
         <run_address>0x400</run_address>
         <size>0x0</size>
         <input_file_ref idref="fl-15"/>
      </object_component>
      <object_component id="oc-13d">
         <name>.stack</name>
         <uninitialized>true</uninitialized>
         <run_address>0x400</run_address>
         <size>0x0</size>
      </object_component>
      <object_component id="oc-35">
         <name>.ebss</name>
         <uninitialized>true</uninitialized>
         <run_address>0x726</run_address>
         <size>0xe</size>
         <input_file_ref idref="fl-2"/>
      </object_component>
      <object_component id="oc-54">
         <name>.ebss</name>
         <uninitialized>true</uninitialized>
         <run_address>0x73e</run_address>
         <size>0x1</size>
         <input_file_ref idref="fl-10"/>
      </object_component>
      <object_component id="oc-77">
         <name>.ebss</name>
         <uninitialized>true</uninitialized>
         <run_address>0x734</run_address>
         <size>0x6</size>
         <input_file_ref idref="fl-17"/>
      </object_component>
      <object_component id="oc-d0">
         <name>.ebss:__unlock</name>
         <uninitialized>true</uninitialized>
         <run_address>0x73c</run_address>
         <size>0x2</size>
         <input_file_ref idref="fl-1b"/>
      </object_component>
      <object_component id="oc-9c">
         <name>.ebss:__lock</name>
         <uninitialized>true</uninitialized>
         <run_address>0x73a</run_address>
         <size>0x2</size>
         <input_file_ref idref="fl-1b"/>
      </object_component>
      <object_component id="oc-cf">
         <name>.econst:_PIE_tableDebugInit</name>
         <load_address>0x600</load_address>
         <run_address>0x600</run_address>
         <size>0x100</size>
         <input_file_ref idref="fl-d"/>
      </object_component>
      <object_component id="oc-36">
         <name>.econst:.string</name>
         <load_address>0x700</load_address>
         <run_address>0x700</run_address>
         <size>0x26</size>
         <input_file_ref idref="fl-2"/>
      </object_component>
      <object_component id="oc-34">
         <name>.debug_info</name>
         <load_address>0x0</load_address>
         <run_address>0x0</run_address>
         <size>0x2832</size>
         <input_file_ref idref="fl-2"/>
      </object_component>
      <object_component id="oc-3b">
         <name>.debug_info</name>
         <load_address>0x2832</load_address>
         <run_address>0x2832</run_address>
         <size>0x7d3</size>
         <input_file_ref idref="fl-a"/>
      </object_component>
      <object_component id="oc-3f">
         <name>.debug_info</name>
         <load_address>0x3005</load_address>
         <run_address>0x3005</run_address>
         <size>0x211d</size>
         <input_file_ref idref="fl-b"/>
      </object_component>
      <object_component id="oc-43">
         <name>.debug_info</name>
         <load_address>0x5122</load_address>
         <run_address>0x5122</run_address>
         <size>0xe73</size>
         <input_file_ref idref="fl-c"/>
      </object_component>
      <object_component id="oc-47">
         <name>.debug_info</name>
         <load_address>0x5f95</load_address>
         <run_address>0x5f95</run_address>
         <size>0x2a6f</size>
         <input_file_ref idref="fl-d"/>
      </object_component>
      <object_component id="oc-4b">
         <name>.debug_info</name>
         <load_address>0x8a04</load_address>
         <run_address>0x8a04</run_address>
         <size>0x1aa3</size>
         <input_file_ref idref="fl-e"/>
      </object_component>
      <object_component id="oc-4f">
         <name>.debug_info</name>
         <load_address>0xa4a7</load_address>
         <run_address>0xa4a7</run_address>
         <size>0xc9a</size>
         <input_file_ref idref="fl-f"/>
      </object_component>
      <object_component id="oc-53">
         <name>.debug_info</name>
         <load_address>0xb141</load_address>
         <run_address>0xb141</run_address>
         <size>0x7c6</size>
         <input_file_ref idref="fl-10"/>
      </object_component>
      <object_component id="oc-58">
         <name>.debug_info</name>
         <load_address>0xb907</load_address>
         <run_address>0xb907</run_address>
         <size>0xe20</size>
         <input_file_ref idref="fl-11"/>
      </object_component>
      <object_component id="oc-5c">
         <name>.debug_info</name>
         <load_address>0xc727</load_address>
         <run_address>0xc727</run_address>
         <size>0x1c7f</size>
         <input_file_ref idref="fl-12"/>
      </object_component>
      <object_component id="oc-62">
         <name>.debug_info</name>
         <load_address>0xe3a6</load_address>
         <run_address>0xe3a6</run_address>
         <size>0x304</size>
         <input_file_ref idref="fl-13"/>
      </object_component>
      <object_component id="oc-65">
         <name>.debug_info</name>
         <load_address>0xe6aa</load_address>
         <run_address>0xe6aa</run_address>
         <size>0x53bc</size>
         <input_file_ref idref="fl-14"/>
      </object_component>
      <object_component id="oc-6c">
         <name>.debug_info</name>
         <load_address>0x13a66</load_address>
         <run_address>0x13a66</run_address>
         <size>0x16b</size>
         <input_file_ref idref="fl-15"/>
      </object_component>
      <object_component id="oc-70">
         <name>.debug_info</name>
         <load_address>0x13bd1</load_address>
         <run_address>0x13bd1</run_address>
         <size>0x50f</size>
         <input_file_ref idref="fl-16"/>
      </object_component>
      <object_component id="oc-75">
         <name>.debug_info</name>
         <load_address>0x140e0</load_address>
         <run_address>0x140e0</run_address>
         <size>0x4f9</size>
         <input_file_ref idref="fl-17"/>
      </object_component>
      <object_component id="oc-7c">
         <name>.debug_info</name>
         <load_address>0x145d9</load_address>
         <run_address>0x145d9</run_address>
         <size>0x3bd</size>
         <input_file_ref idref="fl-18"/>
      </object_component>
      <object_component id="oc-81">
         <name>.debug_info</name>
         <load_address>0x14996</load_address>
         <run_address>0x14996</run_address>
         <size>0x330</size>
         <input_file_ref idref="fl-19"/>
      </object_component>
      <object_component id="oc-86">
         <name>.debug_info</name>
         <load_address>0x14cc6</load_address>
         <run_address>0x14cc6</run_address>
         <size>0x32d</size>
         <input_file_ref idref="fl-1a"/>
      </object_component>
      <object_component id="oc-8b">
         <name>.debug_info</name>
         <load_address>0x14ff3</load_address>
         <run_address>0x14ff3</run_address>
         <size>0x44f</size>
         <input_file_ref idref="fl-1b"/>
      </object_component>
      <object_component id="oc-90">
         <name>.debug_info</name>
         <load_address>0x15442</load_address>
         <run_address>0x15442</run_address>
         <size>0x41c</size>
         <input_file_ref idref="fl-1c"/>
      </object_component>
      <object_component id="oc-141">
         <name>.debug_info</name>
         <load_address>0x1585e</load_address>
         <run_address>0x1585e</run_address>
         <size>0xb4</size>
      </object_component>
      <object_component id="oc-37">
         <name>.debug_frame</name>
         <load_address>0x0</load_address>
         <run_address>0x0</run_address>
         <size>0xb2</size>
         <input_file_ref idref="fl-2"/>
      </object_component>
      <object_component id="oc-3c">
         <name>.debug_frame</name>
         <load_address>0xb2</load_address>
         <run_address>0xb2</run_address>
         <size>0x94</size>
         <input_file_ref idref="fl-a"/>
      </object_component>
      <object_component id="oc-40">
         <name>.debug_frame</name>
         <load_address>0x146</load_address>
         <run_address>0x146</run_address>
         <size>0x25c</size>
         <input_file_ref idref="fl-b"/>
      </object_component>
      <object_component id="oc-44">
         <name>.debug_frame</name>
         <load_address>0x3a2</load_address>
         <run_address>0x3a2</run_address>
         <size>0xf4</size>
         <input_file_ref idref="fl-c"/>
      </object_component>
      <object_component id="oc-48">
         <name>.debug_frame</name>
         <load_address>0x496</load_address>
         <run_address>0x496</run_address>
         <size>0xdc</size>
         <input_file_ref idref="fl-d"/>
      </object_component>
      <object_component id="oc-4c">
         <name>.debug_frame</name>
         <load_address>0x572</load_address>
         <run_address>0x572</run_address>
         <size>0xc4</size>
         <input_file_ref idref="fl-e"/>
      </object_component>
      <object_component id="oc-50">
         <name>.debug_frame</name>
         <load_address>0x636</load_address>
         <run_address>0x636</run_address>
         <size>0x7c</size>
         <input_file_ref idref="fl-f"/>
      </object_component>
      <object_component id="oc-55">
         <name>.debug_frame</name>
         <load_address>0x6b2</load_address>
         <run_address>0x6b2</run_address>
         <size>0xac</size>
         <input_file_ref idref="fl-10"/>
      </object_component>
      <object_component id="oc-59">
         <name>.debug_frame</name>
         <load_address>0x75e</load_address>
         <run_address>0x75e</run_address>
         <size>0xc4</size>
         <input_file_ref idref="fl-11"/>
      </object_component>
      <object_component id="oc-5d">
         <name>.debug_frame</name>
         <load_address>0x822</load_address>
         <run_address>0x822</run_address>
         <size>0x7c</size>
         <input_file_ref idref="fl-12"/>
      </object_component>
      <object_component id="oc-66">
         <name>.debug_frame</name>
         <load_address>0x89e</load_address>
         <run_address>0x89e</run_address>
         <size>0x546</size>
         <input_file_ref idref="fl-14"/>
      </object_component>
      <object_component id="oc-71">
         <name>.debug_frame</name>
         <load_address>0xde4</load_address>
         <run_address>0xde4</run_address>
         <size>0x54</size>
         <input_file_ref idref="fl-16"/>
      </object_component>
      <object_component id="oc-78">
         <name>.debug_frame</name>
         <load_address>0xe38</load_address>
         <run_address>0xe38</run_address>
         <size>0x51</size>
         <input_file_ref idref="fl-17"/>
      </object_component>
      <object_component id="oc-7d">
         <name>.debug_frame</name>
         <load_address>0xe89</load_address>
         <run_address>0xe89</run_address>
         <size>0x33</size>
         <input_file_ref idref="fl-18"/>
      </object_component>
      <object_component id="oc-82">
         <name>.debug_frame</name>
         <load_address>0xebc</load_address>
         <run_address>0xebc</run_address>
         <size>0x33</size>
         <input_file_ref idref="fl-19"/>
      </object_component>
      <object_component id="oc-87">
         <name>.debug_frame</name>
         <load_address>0xeef</load_address>
         <run_address>0xeef</run_address>
         <size>0x33</size>
         <input_file_ref idref="fl-1a"/>
      </object_component>
      <object_component id="oc-8c">
         <name>.debug_frame</name>
         <load_address>0xf22</load_address>
         <run_address>0xf22</run_address>
         <size>0x5d</size>
         <input_file_ref idref="fl-1b"/>
      </object_component>
      <object_component id="oc-91">
         <name>.debug_frame</name>
         <load_address>0xf7f</load_address>
         <run_address>0xf7f</run_address>
         <size>0x33</size>
         <input_file_ref idref="fl-1c"/>
      </object_component>
      <object_component id="oc-38">
         <name>.debug_line</name>
         <load_address>0x0</load_address>
         <run_address>0x0</run_address>
         <size>0x17d</size>
         <input_file_ref idref="fl-2"/>
      </object_component>
      <object_component id="oc-3d">
         <name>.debug_line</name>
         <load_address>0x17d</load_address>
         <run_address>0x17d</run_address>
         <size>0xaa</size>
         <input_file_ref idref="fl-a"/>
      </object_component>
      <object_component id="oc-41">
         <name>.debug_line</name>
         <load_address>0x227</load_address>
         <run_address>0x227</run_address>
         <size>0x32b</size>
         <input_file_ref idref="fl-b"/>
      </object_component>
      <object_component id="oc-45">
         <name>.debug_line</name>
         <load_address>0x552</load_address>
         <run_address>0x552</run_address>
         <size>0x12a</size>
         <input_file_ref idref="fl-c"/>
      </object_component>
      <object_component id="oc-49">
         <name>.debug_line</name>
         <load_address>0x67c</load_address>
         <run_address>0x67c</run_address>
         <size>0x112</size>
         <input_file_ref idref="fl-d"/>
      </object_component>
      <object_component id="oc-4d">
         <name>.debug_line</name>
         <load_address>0x78e</load_address>
         <run_address>0x78e</run_address>
         <size>0x13f</size>
         <input_file_ref idref="fl-e"/>
      </object_component>
      <object_component id="oc-51">
         <name>.debug_line</name>
         <load_address>0x8cd</load_address>
         <run_address>0x8cd</run_address>
         <size>0x8b</size>
         <input_file_ref idref="fl-f"/>
      </object_component>
      <object_component id="oc-56">
         <name>.debug_line</name>
         <load_address>0x958</load_address>
         <run_address>0x958</run_address>
         <size>0xb7</size>
         <input_file_ref idref="fl-10"/>
      </object_component>
      <object_component id="oc-5a">
         <name>.debug_line</name>
         <load_address>0xa0f</load_address>
         <run_address>0xa0f</run_address>
         <size>0xe8</size>
         <input_file_ref idref="fl-11"/>
      </object_component>
      <object_component id="oc-5e">
         <name>.debug_line</name>
         <load_address>0xaf7</load_address>
         <run_address>0xaf7</run_address>
         <size>0x89</size>
         <input_file_ref idref="fl-12"/>
      </object_component>
      <object_component id="oc-63">
         <name>.debug_line</name>
         <load_address>0xb80</load_address>
         <run_address>0xb80</run_address>
         <size>0xca</size>
         <input_file_ref idref="fl-13"/>
      </object_component>
      <object_component id="oc-67">
         <name>.debug_line</name>
         <load_address>0xc4a</load_address>
         <run_address>0xc4a</run_address>
         <size>0x4ee</size>
         <input_file_ref idref="fl-14"/>
      </object_component>
      <object_component id="oc-6d">
         <name>.debug_line</name>
         <load_address>0x1138</load_address>
         <run_address>0x1138</run_address>
         <size>0x7d</size>
         <input_file_ref idref="fl-15"/>
      </object_component>
      <object_component id="oc-72">
         <name>.debug_line</name>
         <load_address>0x11b5</load_address>
         <run_address>0x11b5</run_address>
         <size>0x50</size>
         <input_file_ref idref="fl-16"/>
      </object_component>
      <object_component id="oc-79">
         <name>.debug_line</name>
         <load_address>0x1205</load_address>
         <run_address>0x1205</run_address>
         <size>0x65</size>
         <input_file_ref idref="fl-17"/>
      </object_component>
      <object_component id="oc-7e">
         <name>.debug_line</name>
         <load_address>0x126a</load_address>
         <run_address>0x126a</run_address>
         <size>0x62</size>
         <input_file_ref idref="fl-18"/>
      </object_component>
      <object_component id="oc-83">
         <name>.debug_line</name>
         <load_address>0x12cc</load_address>
         <run_address>0x12cc</run_address>
         <size>0x3e</size>
         <input_file_ref idref="fl-19"/>
      </object_component>
      <object_component id="oc-88">
         <name>.debug_line</name>
         <load_address>0x130a</load_address>
         <run_address>0x130a</run_address>
         <size>0x3a</size>
         <input_file_ref idref="fl-1a"/>
      </object_component>
      <object_component id="oc-8d">
         <name>.debug_line</name>
         <load_address>0x1344</load_address>
         <run_address>0x1344</run_address>
         <size>0x5e</size>
         <input_file_ref idref="fl-1b"/>
      </object_component>
      <object_component id="oc-92">
         <name>.debug_line</name>
         <load_address>0x13a2</load_address>
         <run_address>0x13a2</run_address>
         <size>0x55</size>
         <input_file_ref idref="fl-1c"/>
      </object_component>
      <object_component id="oc-39">
         <name>.debug_abbrev</name>
         <load_address>0x0</load_address>
         <run_address>0x0</run_address>
         <size>0x17a</size>
         <input_file_ref idref="fl-2"/>
      </object_component>
      <object_component id="oc-3e">
         <name>.debug_abbrev</name>
         <load_address>0x17a</load_address>
         <run_address>0x17a</run_address>
         <size>0x113</size>
         <input_file_ref idref="fl-a"/>
      </object_component>
      <object_component id="oc-42">
         <name>.debug_abbrev</name>
         <load_address>0x28d</load_address>
         <run_address>0x28d</run_address>
         <size>0x183</size>
         <input_file_ref idref="fl-b"/>
      </object_component>
      <object_component id="oc-46">
         <name>.debug_abbrev</name>
         <load_address>0x410</load_address>
         <run_address>0x410</run_address>
         <size>0x191</size>
         <input_file_ref idref="fl-c"/>
      </object_component>
      <object_component id="oc-4a">
         <name>.debug_abbrev</name>
         <load_address>0x5a1</load_address>
         <run_address>0x5a1</run_address>
         <size>0x1f6</size>
         <input_file_ref idref="fl-d"/>
      </object_component>
      <object_component id="oc-4e">
         <name>.debug_abbrev</name>
         <load_address>0x797</load_address>
         <run_address>0x797</run_address>
         <size>0x15d</size>
         <input_file_ref idref="fl-e"/>
      </object_component>
      <object_component id="oc-52">
         <name>.debug_abbrev</name>
         <load_address>0x8f4</load_address>
         <run_address>0x8f4</run_address>
         <size>0x162</size>
         <input_file_ref idref="fl-f"/>
      </object_component>
      <object_component id="oc-57">
         <name>.debug_abbrev</name>
         <load_address>0xa56</load_address>
         <run_address>0xa56</run_address>
         <size>0x113</size>
         <input_file_ref idref="fl-10"/>
      </object_component>
      <object_component id="oc-5b">
         <name>.debug_abbrev</name>
         <load_address>0xb69</load_address>
         <run_address>0xb69</run_address>
         <size>0x166</size>
         <input_file_ref idref="fl-11"/>
      </object_component>
      <object_component id="oc-5f">
         <name>.debug_abbrev</name>
         <load_address>0xccf</load_address>
         <run_address>0xccf</run_address>
         <size>0x181</size>
         <input_file_ref idref="fl-12"/>
      </object_component>
      <object_component id="oc-64">
         <name>.debug_abbrev</name>
         <load_address>0xe50</load_address>
         <run_address>0xe50</run_address>
         <size>0x3b</size>
         <input_file_ref idref="fl-13"/>
      </object_component>
      <object_component id="oc-68">
         <name>.debug_abbrev</name>
         <load_address>0xe8b</load_address>
         <run_address>0xe8b</run_address>
         <size>0xdc</size>
         <input_file_ref idref="fl-14"/>
      </object_component>
      <object_component id="oc-6e">
         <name>.debug_abbrev</name>
         <load_address>0xf67</load_address>
         <run_address>0xf67</run_address>
         <size>0x46</size>
         <input_file_ref idref="fl-15"/>
      </object_component>
      <object_component id="oc-73">
         <name>.debug_abbrev</name>
         <load_address>0xfad</load_address>
         <run_address>0xfad</run_address>
         <size>0xfc</size>
         <input_file_ref idref="fl-16"/>
      </object_component>
      <object_component id="oc-7a">
         <name>.debug_abbrev</name>
         <load_address>0x10a9</load_address>
         <run_address>0x10a9</run_address>
         <size>0x142</size>
         <input_file_ref idref="fl-17"/>
      </object_component>
      <object_component id="oc-7f">
         <name>.debug_abbrev</name>
         <load_address>0x11eb</load_address>
         <run_address>0x11eb</run_address>
         <size>0xa8</size>
         <input_file_ref idref="fl-18"/>
      </object_component>
      <object_component id="oc-84">
         <name>.debug_abbrev</name>
         <load_address>0x1293</load_address>
         <run_address>0x1293</run_address>
         <size>0x68</size>
         <input_file_ref idref="fl-19"/>
      </object_component>
      <object_component id="oc-89">
         <name>.debug_abbrev</name>
         <load_address>0x12fb</load_address>
         <run_address>0x12fb</run_address>
         <size>0x66</size>
         <input_file_ref idref="fl-1a"/>
      </object_component>
      <object_component id="oc-8e">
         <name>.debug_abbrev</name>
         <load_address>0x1361</load_address>
         <run_address>0x1361</run_address>
         <size>0xb2</size>
         <input_file_ref idref="fl-1b"/>
      </object_component>
      <object_component id="oc-93">
         <name>.debug_abbrev</name>
         <load_address>0x1413</load_address>
         <run_address>0x1413</run_address>
         <size>0xfe</size>
         <input_file_ref idref="fl-1c"/>
      </object_component>
      <object_component id="oc-142">
         <name>.debug_abbrev</name>
         <load_address>0x1511</load_address>
         <run_address>0x1511</run_address>
         <size>0xf</size>
      </object_component>
      <object_component id="oc-3a">
         <name>.debug_aranges</name>
         <load_address>0x0</load_address>
         <run_address>0x0</run_address>
         <size>0x48</size>
         <input_file_ref idref="fl-2"/>
      </object_component>
      <object_component id="oc-6f">
         <name>.debug_aranges</name>
         <load_address>0x48</load_address>
         <run_address>0x48</run_address>
         <size>0x20</size>
         <input_file_ref idref="fl-15"/>
      </object_component>
      <object_component id="oc-74">
         <name>.debug_aranges</name>
         <load_address>0x68</load_address>
         <run_address>0x68</run_address>
         <size>0x20</size>
         <input_file_ref idref="fl-16"/>
      </object_component>
      <object_component id="oc-7b">
         <name>.debug_aranges</name>
         <load_address>0x88</load_address>
         <run_address>0x88</run_address>
         <size>0x28</size>
         <input_file_ref idref="fl-17"/>
      </object_component>
      <object_component id="oc-80">
         <name>.debug_aranges</name>
         <load_address>0xb0</load_address>
         <run_address>0xb0</run_address>
         <size>0x20</size>
         <input_file_ref idref="fl-18"/>
      </object_component>
      <object_component id="oc-85">
         <name>.debug_aranges</name>
         <load_address>0xd0</load_address>
         <run_address>0xd0</run_address>
         <size>0x20</size>
         <input_file_ref idref="fl-19"/>
      </object_component>
      <object_component id="oc-8a">
         <name>.debug_aranges</name>
         <load_address>0xf0</load_address>
         <run_address>0xf0</run_address>
         <size>0x20</size>
         <input_file_ref idref="fl-1a"/>
      </object_component>
      <object_component id="oc-8f">
         <name>.debug_aranges</name>
         <load_address>0x110</load_address>
         <run_address>0x110</run_address>
         <size>0x30</size>
         <input_file_ref idref="fl-1b"/>
      </object_component>
      <object_component id="oc-94">
         <name>.debug_aranges</name>
         <load_address>0x140</load_address>
         <run_address>0x140</run_address>
         <size>0x20</size>
         <input_file_ref idref="fl-1c"/>
      </object_component>
   </object_component_list>
   <logical_group_list>
      <logical_group id="lg-3" display="no" color="cyan">
         <name>PieVectTableFile</name>
         <run_address>0x0</run_address>
         <size>0x0</size>
         <contents>
         </contents>
      </logical_group>
      <logical_group id="lg-5" display="no" color="cyan">
         <name>EmuKeyVar</name>
         <run_address>0x0</run_address>
         <size>0x0</size>
         <contents>
         </contents>
      </logical_group>
      <logical_group id="lg-6" display="no" color="cyan">
         <name>EmuBModeVar</name>
         <run_address>0x0</run_address>
         <size>0x0</size>
         <contents>
         </contents>
      </logical_group>
      <logical_group id="lg-7" display="no" color="cyan">
         <name>FlashCallbackVar</name>
         <run_address>0x0</run_address>
         <size>0x0</size>
         <contents>
         </contents>
      </logical_group>
      <logical_group id="lg-8" display="no" color="cyan">
         <name>FlashScalingVar</name>
         <run_address>0x0</run_address>
         <size>0x0</size>
         <contents>
         </contents>
      </logical_group>
      <logical_group id="lg-4" display="no" color="cyan">
         <name>GROUP_2</name>
         <run_address>0x0</run_address>
         <size>0x0</size>
         <contents>
            <logical_group_ref idref="lg-5"/>
            <logical_group_ref idref="lg-6"/>
            <logical_group_ref idref="lg-7"/>
            <logical_group_ref idref="lg-8"/>
         </contents>
      </logical_group>
      <overlay id="lg-2" display="no" color="cyan">
         <name>UNION_1</name>
         <run_address>0x0</run_address>
         <size>0x0</size>
         <contents>
            <logical_group_ref idref="lg-3"/>
            <logical_group_ref idref="lg-4"/>
         </contents>
      </overlay>
      <logical_group id="lg-9" display="no" color="cyan">
         <name>DevEmuRegsFile</name>
         <run_address>0x0</run_address>
         <size>0x0</size>
         <contents>
         </contents>
      </logical_group>
      <logical_group id="lg-a" display="no" color="cyan">
         <name>SysPwrCtrlRegsFile</name>
         <run_address>0x0</run_address>
         <size>0x0</size>
         <contents>
         </contents>
      </logical_group>
      <logical_group id="lg-b" display="no" color="cyan">
         <name>FlashRegsFile</name>
         <run_address>0x0</run_address>
         <size>0x0</size>
         <contents>
         </contents>
      </logical_group>
      <logical_group id="lg-c" display="no" color="cyan">
         <name>CsmRegsFile</name>
         <run_address>0x0</run_address>
         <size>0x0</size>
         <contents>
         </contents>
      </logical_group>
      <logical_group id="lg-d" display="no" color="cyan">
         <name>AdcResultFile</name>
         <run_address>0x0</run_address>
         <size>0x0</size>
         <contents>
         </contents>
      </logical_group>
      <logical_group id="lg-e" display="no" color="cyan">
         <name>CpuTimer0RegsFile</name>
         <run_address>0x0</run_address>
         <size>0x0</size>
         <contents>
         </contents>
      </logical_group>
      <logical_group id="lg-f" display="no" color="cyan">
         <name>CpuTimer1RegsFile</name>
         <run_address>0x0</run_address>
         <size>0x0</size>
         <contents>
         </contents>
      </logical_group>
      <logical_group id="lg-10" display="no" color="cyan">
         <name>CpuTimer2RegsFile</name>
         <run_address>0x0</run_address>
         <size>0x0</size>
         <contents>
         </contents>
      </logical_group>
      <logical_group id="lg-11" display="no" color="cyan">
         <name>PieCtrlRegsFile</name>
         <run_address>0x0</run_address>
         <size>0x0</size>
         <contents>
         </contents>
      </logical_group>
      <logical_group id="lg-12" display="no" color="cyan">
         <name>ECap1RegsFile</name>
         <run_address>0x0</run_address>
         <size>0x0</size>
         <contents>
         </contents>
      </logical_group>
      <logical_group id="lg-13" display="no" color="cyan">
         <name>GpioCtrlRegsFile</name>
         <run_address>0x0</run_address>
         <size>0x0</size>
         <contents>
         </contents>
      </logical_group>
      <logical_group id="lg-14" display="no" color="cyan">
         <name>GpioDataRegsFile</name>
         <run_address>0x0</run_address>
         <size>0x0</size>
         <contents>
         </contents>
      </logical_group>
      <logical_group id="lg-15" display="no" color="cyan">
         <name>GpioIntRegsFile</name>
         <run_address>0x0</run_address>
         <size>0x0</size>
         <contents>
         </contents>
      </logical_group>
      <logical_group id="lg-16" display="no" color="cyan">
         <name>SysCtrlRegsFile</name>
         <run_address>0x0</run_address>
         <size>0x0</size>
         <contents>
         </contents>
      </logical_group>
      <logical_group id="lg-17" display="no" color="cyan">
         <name>SpiaRegsFile</name>
         <run_address>0x0</run_address>
         <size>0x0</size>
         <contents>
         </contents>
      </logical_group>
      <logical_group id="lg-18" display="no" color="cyan">
         <name>SciaRegsFile</name>
         <run_address>0x0</run_address>
         <size>0x0</size>
         <contents>
         </contents>
      </logical_group>
      <logical_group id="lg-19" display="no" color="cyan">
         <name>NmiIntruptRegsFile</name>
         <run_address>0x0</run_address>
         <size>0x0</size>
         <contents>
         </contents>
      </logical_group>
      <logical_group id="lg-1a" display="no" color="cyan">
         <name>XIntruptRegsFile</name>
         <run_address>0x0</run_address>
         <size>0x0</size>
         <contents>
         </contents>
      </logical_group>
      <logical_group id="lg-1b" display="no" color="cyan">
         <name>AdcRegsFile</name>
         <run_address>0x0</run_address>
         <size>0x0</size>
         <contents>
         </contents>
      </logical_group>
      <logical_group id="lg-1c" display="no" color="cyan">
         <name>I2caRegsFile</name>
         <run_address>0x0</run_address>
         <size>0x0</size>
         <contents>
         </contents>
      </logical_group>
      <logical_group id="lg-1d" display="no" color="cyan">
         <name>Comp1RegsFile</name>
         <run_address>0x0</run_address>
         <size>0x0</size>
         <contents>
         </contents>
      </logical_group>
      <logical_group id="lg-1e" display="no" color="cyan">
         <name>Comp2RegsFile</name>
         <run_address>0x0</run_address>
         <size>0x0</size>
         <contents>
         </contents>
      </logical_group>
      <logical_group id="lg-1f" display="no" color="cyan">
         <name>EPwm1RegsFile</name>
         <run_address>0x0</run_address>
         <size>0x0</size>
         <contents>
         </contents>
      </logical_group>
      <logical_group id="lg-20" display="no" color="cyan">
         <name>EPwm2RegsFile</name>
         <run_address>0x0</run_address>
         <size>0x0</size>
         <contents>
         </contents>
      </logical_group>
      <logical_group id="lg-21" display="no" color="cyan">
         <name>EPwm3RegsFile</name>
         <run_address>0x0</run_address>
         <size>0x0</size>
         <contents>
         </contents>
      </logical_group>
      <logical_group id="lg-22" display="no" color="cyan">
         <name>EPwm4RegsFile</name>
         <run_address>0x0</run_address>
         <size>0x0</size>
         <contents>
         </contents>
      </logical_group>
      <logical_group id="lg-23" display="no" color="cyan">
         <name>CsmPwlFile</name>
         <run_address>0x0</run_address>
         <size>0x0</size>
         <contents>
         </contents>
      </logical_group>
      <logical_group id="lg-24" display="no" color="cyan">
         <name>PartIdRegsFile</name>
         <run_address>0x0</run_address>
         <size>0x0</size>
         <contents>
         </contents>
      </logical_group>
      <logical_group id="lg-25" display="no" color="cyan">
         <name>codestart</name>
         <load_address>0x0</load_address>
         <run_address>0x0</run_address>
         <size>0x2</size>
         <contents>
            <object_component_ref idref="oc-33"/>
         </contents>
      </logical_group>
      <logical_group id="lg-13e" display="no" color="cyan">
         <name>ramfuncs</name>
         <load_address>0x8166</load_address>
         <run_address>0x8166</run_address>
         <size>0x4</size>
         <contents>
            <object_component_ref idref="oc-61"/>
         </contents>
      </logical_group>
      <split_section id="lg-26" display="no" color="cyan">
         <name>ramfuncs</name>
         <contents>
            <logical_group_ref idref="lg-13e"/>
         </contents>
      </split_section>
      <logical_group id="lg-13f" display="no" color="cyan">
         <name>.text.1</name>
         <load_address>0x6a</load_address>
         <run_address>0x6a</run_address>
         <size>0x396</size>
         <contents>
            <object_component_ref idref="oc-9b"/>
            <object_component_ref idref="oc-69"/>
            <object_component_ref idref="oc-b1"/>
            <object_component_ref idref="oc-af"/>
            <object_component_ref idref="oc-b0"/>
            <object_component_ref idref="oc-99"/>
            <object_component_ref idref="oc-96"/>
            <object_component_ref idref="oc-9a"/>
            <object_component_ref idref="oc-98"/>
            <object_component_ref idref="oc-aa"/>
            <object_component_ref idref="oc-60"/>
            <object_component_ref idref="oc-ac"/>
            <object_component_ref idref="oc-b2"/>
            <object_component_ref idref="oc-c4"/>
            <object_component_ref idref="oc-c6"/>
            <object_component_ref idref="oc-c2"/>
            <object_component_ref idref="oc-b5"/>
            <object_component_ref idref="oc-c0"/>
            <object_component_ref idref="oc-c9"/>
            <object_component_ref idref="oc-9e"/>
            <object_component_ref idref="oc-a3"/>
            <object_component_ref idref="oc-a7"/>
            <object_component_ref idref="oc-a8"/>
            <object_component_ref idref="oc-9f"/>
            <object_component_ref idref="oc-a9"/>
            <object_component_ref idref="oc-a1"/>
            <object_component_ref idref="oc-a2"/>
            <object_component_ref idref="oc-a4"/>
            <object_component_ref idref="oc-cc"/>
            <object_component_ref idref="oc-ae"/>
         </contents>
      </logical_group>
      <logical_group id="lg-140" display="no" color="cyan">
         <name>.text.2</name>
         <load_address>0x8000</load_address>
         <run_address>0x8000</run_address>
         <size>0x166</size>
         <contents>
            <object_component_ref idref="oc-a5"/>
            <object_component_ref idref="oc-c8"/>
            <object_component_ref idref="oc-c5"/>
            <object_component_ref idref="oc-a6"/>
            <object_component_ref idref="oc-cd"/>
            <object_component_ref idref="oc-bd"/>
            <object_component_ref idref="oc-e5"/>
            <object_component_ref idref="oc-e6"/>
            <object_component_ref idref="oc-fc"/>
            <object_component_ref idref="oc-fd"/>
            <object_component_ref idref="oc-fe"/>
            <object_component_ref idref="oc-ff"/>
            <object_component_ref idref="oc-100"/>
            <object_component_ref idref="oc-101"/>
            <object_component_ref idref="oc-ea"/>
            <object_component_ref idref="oc-d4"/>
            <object_component_ref idref="oc-f5"/>
            <object_component_ref idref="oc-d6"/>
            <object_component_ref idref="oc-f1"/>
            <object_component_ref idref="oc-ed"/>
            <object_component_ref idref="oc-f2"/>
            <object_component_ref idref="oc-ee"/>
            <object_component_ref idref="oc-f3"/>
            <object_component_ref idref="oc-ef"/>
            <object_component_ref idref="oc-f4"/>
            <object_component_ref idref="oc-f0"/>
            <object_component_ref idref="oc-f8"/>
            <object_component_ref idref="oc-f9"/>
            <object_component_ref idref="oc-d8"/>
            <object_component_ref idref="oc-d2"/>
            <object_component_ref idref="oc-d3"/>
            <object_component_ref idref="oc-d7"/>
            <object_component_ref idref="oc-d1"/>
            <object_component_ref idref="oc-d5"/>
            <object_component_ref idref="oc-fa"/>
            <object_component_ref idref="oc-fb"/>
            <object_component_ref idref="oc-f6"/>
            <object_component_ref idref="oc-f7"/>
            <object_component_ref idref="oc-eb"/>
            <object_component_ref idref="oc-e2"/>
            <object_component_ref idref="oc-e3"/>
            <object_component_ref idref="oc-e4"/>
            <object_component_ref idref="oc-d9"/>
            <object_component_ref idref="oc-da"/>
            <object_component_ref idref="oc-db"/>
            <object_component_ref idref="oc-dc"/>
            <object_component_ref idref="oc-dd"/>
            <object_component_ref idref="oc-de"/>
            <object_component_ref idref="oc-df"/>
            <object_component_ref idref="oc-e0"/>
            <object_component_ref idref="oc-e1"/>
            <object_component_ref idref="oc-ec"/>
            <object_component_ref idref="oc-e8"/>
            <object_component_ref idref="oc-e9"/>
            <object_component_ref idref="oc-102"/>
            <object_component_ref idref="oc-e7"/>
            <object_component_ref idref="oc-a0"/>
            <object_component_ref idref="oc-c7"/>
            <object_component_ref idref="oc-c3"/>
            <object_component_ref idref="oc-c1"/>
            <object_component_ref idref="oc-b4"/>
            <object_component_ref idref="oc-bf"/>
            <object_component_ref idref="oc-b8"/>
            <object_component_ref idref="oc-b7"/>
            <object_component_ref idref="oc-ad"/>
            <object_component_ref idref="oc-ab"/>
            <object_component_ref idref="oc-b3"/>
            <object_component_ref idref="oc-cb"/>
            <object_component_ref idref="oc-ce"/>
            <object_component_ref idref="oc-b6"/>
            <object_component_ref idref="oc-be"/>
            <object_component_ref idref="oc-ba"/>
            <object_component_ref idref="oc-bc"/>
            <object_component_ref idref="oc-b9"/>
            <object_component_ref idref="oc-bb"/>
            <object_component_ref idref="oc-95"/>
            <object_component_ref idref="oc-97"/>
         </contents>
      </logical_group>
      <split_section id="lg-27" display="no" color="cyan">
         <name>.text</name>
         <contents>
            <logical_group_ref idref="lg-13f"/>
            <logical_group_ref idref="lg-140"/>
         </contents>
      </split_section>
      <logical_group id="lg-28" display="no" color="cyan">
         <name>.cinit</name>
         <load_address>0x50</load_address>
         <run_address>0x50</run_address>
         <size>0x1a</size>
         <contents>
            <object_component_ref idref="oc-76"/>
            <object_component_ref idref="oc-9d"/>
            <object_component_ref idref="oc-ca"/>
         </contents>
      </logical_group>
      <logical_group id="lg-29" display="no" color="cyan">
         <name>.pinit</name>
         <run_address>0x0</run_address>
         <size>0x0</size>
         <contents>
         </contents>
      </logical_group>
      <logical_group id="lg-2a" display="no" color="cyan">
         <name>.switch</name>
         <run_address>0x0</run_address>
         <size>0x0</size>
         <contents>
         </contents>
      </logical_group>
      <logical_group id="lg-2b" display="no" color="cyan">
         <name>.reset</name>
         <load_address>0x3fffc0</load_address>
         <run_address>0x3fffc0</run_address>
         <size>0x2</size>
         <contents>
            <object_component_ref idref="oc-6b"/>
         </contents>
      </logical_group>
      <logical_group id="lg-2c" display="no" color="cyan">
         <name>.stack</name>
         <run_address>0x400</run_address>
         <size>0x200</size>
         <contents>
            <object_component_ref idref="oc-6a"/>
            <object_component_ref idref="oc-13d"/>
         </contents>
      </logical_group>
      <logical_group id="lg-2d" display="no" color="cyan">
         <name>.ebss</name>
         <run_address>0x726</run_address>
         <size>0x19</size>
         <contents>
            <object_component_ref idref="oc-35"/>
            <object_component_ref idref="oc-54"/>
            <object_component_ref idref="oc-77"/>
            <object_component_ref idref="oc-d0"/>
            <object_component_ref idref="oc-9c"/>
         </contents>
      </logical_group>
      <logical_group id="lg-2e" display="no" color="cyan">
         <name>.econst</name>
         <load_address>0x600</load_address>
         <run_address>0x600</run_address>
         <size>0x126</size>
         <contents>
            <object_component_ref idref="oc-cf"/>
            <object_component_ref idref="oc-36"/>
         </contents>
      </logical_group>
      <logical_group id="lg-2f" display="no" color="cyan">
         <name>.esysmem</name>
         <run_address>0x0</run_address>
         <size>0x0</size>
         <contents>
         </contents>
      </logical_group>
      <logical_group id="lg-30" display="no" color="cyan">
         <name>IQmath</name>
         <run_address>0x0</run_address>
         <size>0x0</size>
         <contents>
         </contents>
      </logical_group>
      <logical_group id="lg-31" display="no" color="cyan">
         <name>IQmathTables</name>
         <run_address>0x0</run_address>
         <size>0x0</size>
         <contents>
         </contents>
      </logical_group>
      <logical_group id="lg-131" display="never" color="cyan">
         <name>.debug_info</name>
         <load_address>0x0</load_address>
         <run_address>0x0</run_address>
         <size>0x15912</size>
         <contents>
            <object_component_ref idref="oc-34"/>
            <object_component_ref idref="oc-3b"/>
            <object_component_ref idref="oc-3f"/>
            <object_component_ref idref="oc-43"/>
            <object_component_ref idref="oc-47"/>
            <object_component_ref idref="oc-4b"/>
            <object_component_ref idref="oc-4f"/>
            <object_component_ref idref="oc-53"/>
            <object_component_ref idref="oc-58"/>
            <object_component_ref idref="oc-5c"/>
            <object_component_ref idref="oc-62"/>
            <object_component_ref idref="oc-65"/>
            <object_component_ref idref="oc-6c"/>
            <object_component_ref idref="oc-70"/>
            <object_component_ref idref="oc-75"/>
            <object_component_ref idref="oc-7c"/>
[...]
      </symbol>
      <symbol id="sm-9b">
         <name>_myFlash</name>
         <value>0x72a</value>
         <object_component_ref idref="oc-35"/>
      </symbol>
      <symbol id="sm-a9">
         <name>_WDOG_init</name>
         <value>0x8015</value>
         <object_component_ref idref="oc-a6"/>
      </symbol>
      <symbol id="sm-aa">
         <name>_WDOG_disable</name>
         <value>0x3c4</value>
         <object_component_ref idref="oc-a7"/>
      </symbol>
      <symbol id="sm-e1">
         <name>_SCI_enableFifoEnh</name>
         <value>0x812e</value>
         <object_component_ref idref="oc-c1"/>
      </symbol>
      <symbol id="sm-e2">
         <name>_SCI_setNumStopBits</name>
         <value>0x813e</value>
         <object_component_ref idref="oc-b7"/>
      </symbol>
      <symbol id="sm-e3">
         <name>_SCI_putDataBlocking</name>
         <value>0x3a2</value>
         <object_component_ref idref="oc-c0"/>
      </symbol>
      <symbol id="sm-e4">
         <name>_SCI_clearRxFifoInt</name>
         <value>0x8126</value>
         <object_component_ref idref="oc-c7"/>
      </symbol>
      <symbol id="sm-e5">
         <name>_SCI_init</name>
         <value>0x8000</value>
         <object_component_ref idref="oc-a5"/>
      </symbol>
      <symbol id="sm-e6">
         <name>_SCI_resetChannels</name>
         <value>0x37b</value>
         <object_component_ref idref="oc-c4"/>
      </symbol>
      <symbol id="sm-e7">
         <name>_SCI_enableTxInt</name>
         <value>0x8160</value>
         <object_component_ref idref="oc-bb"/>
      </symbol>
      <symbol id="sm-e8">
         <name>_SCI_disableParity</name>
         <value>0x8151</value>
         <object_component_ref idref="oc-b6"/>
      </symbol>
      <symbol id="sm-e9">
         <name>_SCI_setRxFifoIntLevel</name>
         <value>0x8007</value>
         <object_component_ref idref="oc-c8"/>
      </symbol>
      <symbol id="sm-ea">
         <name>_SCI_resetTxFifo</name>
         <value>0x38f</value>
         <object_component_ref idref="oc-c2"/>
      </symbol>
      <symbol id="sm-eb">
         <name>_SCI_resetRxFifo</name>
         <value>0x385</value>
         <object_component_ref idref="oc-c6"/>
      </symbol>
      <symbol id="sm-ec">
         <name>_SCI_getTxFifoStatus</name>
         <value>0x8136</value>
         <object_component_ref idref="oc-bf"/>
      </symbol>
      <symbol id="sm-ed">
         <name>_SCI_clearTxFifoInt</name>
         <value>0x812a</value>
         <object_component_ref idref="oc-c3"/>
      </symbol>
      <symbol id="sm-ee">
         <name>_SCI_enable</name>
         <value>0x8154</value>
         <object_component_ref idref="oc-be"/>
      </symbol>
      <symbol id="sm-ef">
         <name>_SCI_setTxFifoIntLevel</name>
         <value>0x800e</value>
         <object_component_ref idref="oc-c5"/>
      </symbol>
      <symbol id="sm-f0">
         <name>_SCI_enableRxInt</name>
         <value>0x815a</value>
         <object_component_ref idref="oc-bc"/>
      </symbol>
      <symbol id="sm-f1">
         <name>_SCI_setBaudRate</name>
         <value>0x8022</value>
         <object_component_ref idref="oc-bd"/>
      </symbol>
      <symbol id="sm-f2">
         <name>_SCI_enableRx</name>
         <value>0x8157</value>
         <object_component_ref idref="oc-ba"/>
      </symbol>
      <symbol id="sm-f3">
         <name>_SCI_enableTx</name>
         <value>0x815d</value>
         <object_component_ref idref="oc-b9"/>
      </symbol>
      <symbol id="sm-f4">
         <name>_SCI_setCharLength</name>
         <value>0x813a</value>
         <object_component_ref idref="oc-b8"/>
      </symbol>
      <symbol id="sm-f5">
         <name>_SCI_getRxFifoStatus</name>
         <value>0x8132</value>
         <object_component_ref idref="oc-b4"/>
      </symbol>
      <symbol id="sm-10f">
         <name>_PLL_getClkStatus</name>
         <value>0x814b</value>
         <object_component_ref idref="oc-cb"/>
      </symbol>
      <symbol id="sm-110">
         <name>_PLL_setDivider</name>
         <value>0x3f6</value>
         <object_component_ref idref="oc-cc"/>
      </symbol>
      <symbol id="sm-111">
         <name>_PLL_init</name>
         <value>0x3ef</value>
         <object_component_ref idref="oc-a4"/>
      </symbol>
      <symbol id="sm-112">
         <name>_PLL_getLockStatus</name>
         <value>0x814e</value>
         <object_component_ref idref="oc-ce"/>
      </symbol>
      <symbol id="sm-113">
         <name>_PLL_setup</name>
         <value>0x336</value>
         <object_component_ref idref="oc-aa"/>
      </symbol>
      <symbol id="sm-114">
         <name>_PLL_setMultiplier</name>
         <value>0x801c</value>
         <object_component_ref idref="oc-cd"/>
      </symbol>
      <symbol id="sm-132">
         <name>_PIE_enable</name>
         <value>0x8148</value>
         <object_component_ref idref="oc-b3"/>
      </symbol>
      <symbol id="sm-133">
         <name>_PIE_disableAllInts</name>
         <value>0x35d</value>
         <object_component_ref idref="oc-ac"/>
      </symbol>
      <symbol id="sm-134">
         <name>_PIE_disable</name>
         <value>0x8145</value>
         <object_component_ref idref="oc-ab"/>
      </symbol>
      <symbol id="sm-135">
         <name>_PIE_init</name>
         <value>0x3bc</value>
         <object_component_ref idref="oc-a3"/>
      </symbol>
      <symbol id="sm-136">
         <name>_PIE_setDebugIntVectorTable</name>
         <value>0x36c</value>
         <object_component_ref idref="oc-b2"/>
      </symbol>
      <symbol id="sm-137">
         <name>_PIE_tableDebugInit</name>
         <value>0x600</value>
         <object_component_ref idref="oc-cf"/>
      </symbol>
      <symbol id="sm-151">
         <name>_GPIO_setQualification</name>
         <value>0x288</value>
         <object_component_ref idref="oc-b0"/>
      </symbol>
      <symbol id="sm-152">
         <name>_GPIO_setMode</name>
         <value>0x20b</value>
         <object_component_ref idref="oc-b1"/>
      </symbol>
      <symbol id="sm-153">
         <name>_GPIO_init</name>
         <value>0x3e8</value>
         <object_component_ref idref="oc-a2"/>
      </symbol>
      <symbol id="sm-154">
         <name>_GPIO_setPullUp</name>
         <value>0x254</value>
         <object_component_ref idref="oc-af"/>
      </symbol>
      <symbol id="sm-160">
         <name>_FLASH_init</name>
         <value>0x3e1</value>
         <object_component_ref idref="oc-a1"/>
      </symbol>
      <symbol id="sm-172">
         <name>_CPU_disableGlobalInts</name>
         <value>0x8142</value>
         <object_component_ref idref="oc-ad"/>
      </symbol>
      <symbol id="sm-173">
         <name>_CPU_clearIntFlags</name>
         <value>0x3fd</value>
         <object_component_ref idref="oc-ae"/>
      </symbol>
      <symbol id="sm-174">
         <name>_CPU_init</name>
         <value>0x8122</value>
         <object_component_ref idref="oc-a0"/>
      </symbol>
      <symbol id="sm-175">
         <name>_cpu</name>
         <value>0x73e</value>
         <object_component_ref idref="oc-54"/>
      </symbol>
      <symbol id="sm-187">
         <name>_CLK_enableAdcClock</name>
         <value>0x3cc</value>
         <object_component_ref idref="oc-a8"/>
      </symbol>
      <symbol id="sm-188">
         <name>_CLK_enableSciaClock</name>
         <value>0x399</value>
         <object_component_ref idref="oc-b5"/>
      </symbol>
      <symbol id="sm-189">
         <name>_CLK_setOscSrc</name>
         <value>0x3da</value>
         <object_component_ref idref="oc-a9"/>
      </symbol>
      <symbol id="sm-18a">
         <name>_CLK_init</name>
         <value>0x3d3</value>
         <object_component_ref idref="oc-9f"/>
      </symbol>
      <symbol id="sm-196">
         <name>_ADC_init</name>
         <value>0x3b4</value>
         <object_component_ref idref="oc-9e"/>
      </symbol>
      <symbol id="sm-1a4">
         <name>_setDBGIER</name>
         <value>0x353</value>
         <object_component_ref idref="oc-60"/>
      </symbol>
      <symbol id="sm-1a5">
         <name>_DSP28x_DisableInt</name>
         <value>0x356</value>
         <object_component_ref idref="oc-60"/>
      </symbol>
      <symbol id="sm-1a6">
         <name>_DSP28x_RestoreInt</name>
         <value>0x35a</value>
         <object_component_ref idref="oc-60"/>
      </symbol>
      <symbol id="sm-1a7">
         <name>_DSP28x_usDelay</name>
         <value>0x8166</value>
         <object_component_ref idref="oc-61"/>
      </symbol>
      <symbol id="sm-1a8">
         <name>code_start</name>
         <value>0x0</value>
         <object_component_ref idref="oc-33"/>
      </symbol>
      <symbol id="sm-2a9">
         <name>_ILLEGAL_ISR</name>
         <value>0x8096</value>
         <object_component_ref idref="oc-d8"/>
      </symbol>
      <symbol id="sm-2aa">
         <name>_ADCINT4_ISR</name>
         <value>0x8037</value>
         <object_component_ref idref="oc-fd"/>
      </symbol>
      <symbol id="sm-2ab">
         <name>_DATALOG_ISR</name>
         <value>0x8055</value>
         <object_component_ref idref="oc-d4"/>
      </symbol>
      <symbol id="sm-2ac">
         <name>_SPITXINTA_ISR</name>
         <value>0x80c3</value>
         <object_component_ref idref="oc-f7"/>
      </symbol>
      <symbol id="sm-2ad">
         <name>_SPIRXINTA_ISR</name>
         <value>0x80be</value>
         <object_component_ref idref="oc-f6"/>
      </symbol>
      <symbol id="sm-2ae">
         <name>_INT13_ISR</name>
         <value>0x809b</value>
         <object_component_ref idref="oc-d2"/>
      </symbol>
      <symbol id="sm-2af">
         <name>_ADCINT5_ISR</name>
         <value>0x803c</value>
         <object_component_ref idref="oc-fe"/>
      </symbol>
      <symbol id="sm-2b0">
         <name>_EPWM4_INT_ISR</name>
         <value>0x8082</value>
         <object_component_ref idref="oc-f4"/>
      </symbol>
      <symbol id="sm-2b1">
         <name>_USER5_ISR</name>
         <value>0x80f0</value>
         <object_component_ref idref="oc-dd"/>
      </symbol>
      <symbol id="sm-2b2">
         <name>_EPWM4_TZINT_ISR</name>
         <value>0x8087</value>
         <object_component_ref idref="oc-f0"/>
      </symbol>
      <symbol id="sm-2b3">
         <name>_EMUINT_ISR</name>
         <value>0x805f</value>
         <object_component_ref idref="oc-d6"/>
      </symbol>
      <symbol id="sm-2b4">
         <name>_ECAP1_INT_ISR</name>
         <value>0x805a</value>
         <object_component_ref idref="oc-f5"/>
      </symbol>
      <symbol id="sm-2b5">
         <name>_EPWM1_TZINT_ISR</name>
         <value>0x8069</value>
         <object_component_ref idref="oc-ed"/>
      </symbol>
      <symbol id="sm-2b6">
         <name>_ADCINT6_ISR</name>
         <value>0x8041</value>
         <object_component_ref idref="oc-ff"/>
      </symbol>
      <symbol id="sm-2b7">
         <name>_ADCINT8_ISR</name>
         <value>0x804b</value>
         <object_component_ref idref="oc-101"/>
      </symbol>
      <symbol id="sm-2b8">
         <name>_USER11_ISR</name>
         <value>0x80d2</value>
         <object_component_ref idref="oc-e3"/>
      </symbol>
      <symbol id="sm-2b9">
         <name>_EPWM3_TZINT_ISR</name>
         <value>0x807d</value>
         <object_component_ref idref="oc-ef"/>
      </symbol>
      <symbol id="sm-2ba">
         <name>_USER4_ISR</name>
         <value>0x80eb</value>
         <object_component_ref idref="oc-dc"/>
      </symbol>
      <symbol id="sm-2bb">
         <name>_EPWM2_TZINT_ISR</name>
         <value>0x8073</value>
         <object_component_ref idref="oc-ee"/>
      </symbol>
      <symbol id="sm-2bc">
         <name>_EPWM2_INT_ISR</name>
         <value>0x806e</value>
         <object_component_ref idref="oc-f2"/>
      </symbol>
      <symbol id="sm-2bd">
         <name>_TINT0_ISR</name>
         <value>0x80c8</value>
         <object_component_ref idref="oc-eb"/>
      </symbol>
      <symbol id="sm-2be">
         <name>_WAKEINT_ISR</name>
         <value>0x8109</value>
         <object_component_ref idref="oc-ec"/>
      </symbol>
      <symbol id="sm-2bf">
         <name>_ADCINT7_ISR</name>
         <value>0x8046</value>
         <object_component_ref idref="oc-100"/>
      </symbol>
      <symbol id="sm-2c0">
         <name>_ADCINT9_ISR</name>
         <value>0x8050</value>
         <object_component_ref idref="oc-ea"/>
      </symbol>
      <symbol id="sm-2c1">
         <name>_USER10_ISR</name>
         <value>0x80cd</value>
         <object_component_ref idref="oc-e2"/>
      </symbol>
      <symbol id="sm-2c2">
         <name>_USER7_ISR</name>
         <value>0x80fa</value>
         <object_component_ref idref="oc-df"/>
      </symbol>
      <symbol id="sm-2c3">
         <name>_XINT1_ISR</name>
         <value>0x810e</value>
         <object_component_ref idref="oc-e8"/>
      </symbol>
      <symbol id="sm-2c4">
         <name>_INT14_ISR</name>
         <value>0x80a0</value>
         <object_component_ref idref="oc-d3"/>
      </symbol>
      <symbol id="sm-2c5">
         <name>_USER6_ISR</name>
         <value>0x80f5</value>
         <object_component_ref idref="oc-de"/>
      </symbol>
      <symbol id="sm-2c6">
         <name>_ADCINT1_ISR</name>
         <value>0x8028</value>
         <object_component_ref idref="oc-e5"/>
      </symbol>
      <symbol id="sm-2c7">
         <name>_USER12_ISR</name>
         <value>0x80d7</value>
         <object_component_ref idref="oc-e4"/>
      </symbol>
      <symbol id="sm-2c8">
         <name>_USER1_ISR</name>
         <value>0x80dc</value>
         <object_component_ref idref="oc-d9"/>
      </symbol>
      <symbol id="sm-2c9">
         <name>_XINT3_ISR</name>
         <value>0x8118</value>
         <object_component_ref idref="oc-102"/>
      </symbol>
      <symbol id="sm-2ca">
         <name>_NMI_ISR</name>
         <value>0x80a5</value>
         <object_component_ref idref="oc-d7"/>
      </symbol>
      <symbol id="sm-2cb">
         <name>_ADCINT2_ISR</name>
         <value>0x802d</value>
         <object_component_ref idref="oc-e6"/>
      </symbol>
      <symbol id="sm-2cc">
         <name>_PIE_RESERVED</name>
         <value>0x80aa</value>
         <object_component_ref idref="oc-d1"/>
      </symbol>
      <symbol id="sm-2cd">
         <name>_I2CINT1A_ISR</name>
         <value>0x808c</value>
         <object_component_ref idref="oc-f8"/>
      </symbol>
      <symbol id="sm-2ce">
         <name>_XINT2_ISR</name>
         <value>0x8113</value>
         <object_component_ref idref="oc-e9"/>
      </symbol>
      <symbol id="sm-2cf">
         <name>_I2CINT2A_ISR</name>
         <value>0x8091</value>
         <object_component_ref idref="oc-f9"/>
      </symbol>
      <symbol id="sm-2d0">
         <name>_RTOSINT_ISR</name>
         <value>0x80af</value>
         <object_component_ref idref="oc-d5"/>
      </symbol>
      <symbol id="sm-2d1">
         <name>_EPWM3_INT_ISR</name>
         <value>0x8078</value>
         <object_component_ref idref="oc-f3"/>
      </symbol>
      <symbol id="sm-2d2">
         <name>_ADCINT3_ISR</name>
         <value>0x8032</value>
         <object_component_ref idref="oc-fc"/>
      </symbol>
      <symbol id="sm-2d3">
         <name>_USER9_ISR</name>
         <value>0x8104</value>
         <object_component_ref idref="oc-e1"/>
      </symbol>
      <symbol id="sm-2d4">
         <name>_USER3_ISR</name>
         <value>0x80e6</value>
         <object_component_ref idref="oc-db"/>
      </symbol>
      <symbol id="sm-2d5">
         <name>_USER8_ISR</name>
         <value>0x80ff</value>
         <object_component_ref idref="oc-e0"/>
      </symbol>
      <symbol id="sm-2d6">
         <name>_EPWM1_INT_ISR</name>
         <value>0x8064</value>
         <object_component_ref idref="oc-f1"/>
      </symbol>
      <symbol id="sm-2d7">
         <name>_USER2_ISR</name>
         <value>0x80e1</value>
         <object_component_ref idref="oc-da"/>
      </symbol>
      <symbol id="sm-2d8">
         <name>_SCITXINTA_ISR</name>
         <value>0x80b9</value>
         <object_component_ref idref="oc-fb"/>
      </symbol>
      <symbol id="sm-2d9">
         <name>_SCIRXINTA_ISR</name>
         <value>0x80b4</value>
         <object_component_ref idref="oc-fa"/>
      </symbol>
      <symbol id="sm-2da">
         <name>_rsvd_ISR</name>
         <value>0x811d</value>
         <object_component_ref idref="oc-e7"/>
      </symbol>
      <symbol id="sm-2f5">
         <name>_c_int00</name>
         <value>0x1b7</value>
         <object_component_ref idref="oc-69"/>
      </symbol>
      <symbol id="sm-2f6">
         <name>__stack</name>
         <value>0x400</value>
         <object_component_ref idref="oc-6a"/>
      </symbol>
      <symbol id="sm-305">
         <name>_copy_in</name>
         <value>0x2dc</value>
         <object_component_ref idref="oc-96"/>
      </symbol>
      <symbol id="sm-319">
         <name>C$$EXIT</name>
         <value>0x2b3</value>
         <object_component_ref idref="oc-99"/>
      </symbol>
      <symbol id="sm-31a">
         <name>_exit</name>
         <value>0x2b5</value>
         <object_component_ref idref="oc-99"/>
      </symbol>
      <symbol id="sm-31b">
         <name>___TI_cleanup_ptr</name>
         <value>0x736</value>
         <object_component_ref idref="oc-77"/>
      </symbol>
      <symbol id="sm-31c">
         <name>___TI_enable_exit_profile_output</name>
         <value>0x734</value>
         <object_component_ref idref="oc-77"/>
      </symbol>
      <symbol id="sm-31d">
         <name>_abort</name>
         <value>0x2b3</value>
         <object_component_ref idref="oc-99"/>
      </symbol>
      <symbol id="sm-31e">
         <name>___TI_dtors_ptr</name>
         <value>0x738</value>
         <object_component_ref idref="oc-77"/>
      </symbol>
      <symbol id="sm-32f">
         <name>_memcpy</name>
         <value>0x300</value>
         <object_component_ref idref="oc-9a"/>
      </symbol>
      <symbol id="sm-33b">
         <name>__system_pre_init</name>
         <value>0x8163</value>
         <object_component_ref idref="oc-95"/>
      </symbol>
      <symbol id="sm-347">
         <name>__system_post_cinit</name>
         <value>0x8165</value>
         <object_component_ref idref="oc-97"/>
      </symbol>
      <symbol id="sm-35b">
         <name>__unlock</name>
         <value>0x73c</value>
         <object_component_ref idref="oc-d0"/>
      </symbol>
      <symbol id="sm-35c">
         <name>__lock</name>
         <value>0x73a</value>
         <object_component_ref idref="oc-9c"/>
      </symbol>
      <symbol id="sm-35d">
         <name>__register_lock</name>
         <value>0x3af</value>
         <object_component_ref idref="oc-c9"/>
      </symbol>
      <symbol id="sm-35e">
         <name>__nop</name>
         <value>0x3b3</value>
         <object_component_ref idref="oc-c9"/>
      </symbol>
      <symbol id="sm-35f">
         <name>__register_unlock</name>
         <value>0x3ab</value>
         <object_component_ref idref="oc-c9"/>
      </symbol>
      <symbol id="sm-36e">
         <name>__args_main</name>
         <value>0x31d</value>
         <object_component_ref idref="oc-98"/>
      </symbol>
   </symbol_table>
   <title>Link successful</title>
</link_info>
